
R version 3.1.1 (2014-07-10) -- "Sock it to Me"
Copyright (C) 2014 The R Foundation for Statistical Computing
Platform: x86_64-apple-darwin10.8.0 (64-bit)

R is free software and comes with ABSOLUTELY NO WARRANTY.
You are welcome to redistribute it under certain conditions.
Type 'license()' or 'licence()' for distribution details.

  Natural language support but running in an English locale

R is a collaborative project with many contributors.
Type 'contributors()' for more information and
'citation()' on how to cite R or R packages in publications.

Type 'demo()' for some demos, 'help()' for on-line help, or
'help.start()' for an HTML browser interface to help.
Type 'q()' to quit R.

[R.app GUI 1.65 (6784) x86_64-apple-darwin10.8.0]

[History restored from /Users/lamho/.Rapp.history]

> source("bbd_prob.r")
> source("bbd_lt.r")
> source("bd_series_accel.r")
> source("contfr.r")
> 
> a0 = 2
> b0 = 1
> A = 3
> B = 3
> N = 3
> gamma = 1
> beta = 1
> 
> brates1=function(x,y){0}
> drates1=function(x,y){0}
> brates2=function(x,y){0}
> drates2=function(x,y){gamma*y}
> trans=function(x,y){beta*x*y/N}
> 
> # system.time(p <- bbd_prob(t=1,a0,b0,brates1,brates2,drates2,trans,A,B))#
> system.time(p <- dbd_prob(t=1,a0,b0,drates1,brates2,drates2,trans,B))
   user  system elapsed 
  0.245   0.003   0.248 
> 
> source("sir.r")
> p0=sir(t=1,n=a0,a=N-a0,f=trans,mu=gamma)
[1] NaN
[1] NaN
[1] NaN
[1] Inf
[1] 0.4804277
[1] 0.334921
[1] 0.3444787
> 
> p
            [,1]       [,2]       [,3]     [,4]
[1,] 0.006117233 0.02140068 0.03331203 0.020101
[2,] 0.059151592 0.10477245 0.07959477 0.000000
[3,] 0.486674640 0.18887560 0.00000000 0.000000
> p0
          [,1]      [,2]      [,3] [,4]
[1,]       NaN       NaN       NaN  Inf
[2,] 0.4804277 0.3349210 0.3444787    0
[3,] 0.4866746 0.1888756 0.0000000    0
> source("bbd_prob.r")
> source("bbd_lt.r")
> source("bd_series_accel.r")
> source("contfr.r")
> 
> a0 = 2
> b0 = 1
> A = 3
> B = 3
> N = 3
> gamma = 1
> beta = 1
> 
> brates1=function(x,y){0}
> drates1=function(x,y){0}
> brates2=function(x,y){0}
> drates2=function(x,y){gamma*y}
> trans=function(x,y){beta*x*y/N}
> 
> # system.time(p <- bbd_prob(t=1,a0,b0,brates1,brates2,drates2,trans,A,B))#
> system.time(p <- dbd_prob(t=1,a0,b0,drates1,brates2,drates2,trans,B))
   user  system elapsed 
  0.249   0.003   0.251 
> 
> source("sir.r")
Error in source("sir.r") : sir.r:44:49: unexpected 'for'
43:                                                 pr = pr/exp(ff(i,w,k)*t)
44:                                 logs            for
                                                    ^
> p0=sir(t=1,n=a0,a=N-a0,f=trans,mu=gamma)
[1] NaN
[1] NaN
[1] NaN
[1] Inf
[1] 0.4804277
[1] 0.334921
[1] 0.3444787
> 
> source("bbd_prob.r")
> source("bbd_lt.r")
> source("bd_series_accel.r")
> source("contfr.r")
> 
> a0 = 2
> b0 = 1
> A = 3
> B = 3
> N = 3
> gamma = 1
> beta = 1
> 
> brates1=function(x,y){0}
> drates1=function(x,y){0}
> brates2=function(x,y){0}
> drates2=function(x,y){gamma*y}
> trans=function(x,y){beta*x*y/N}
> 
> # system.time(p <- bbd_prob(t=1,a0,b0,brates1,brates2,drates2,trans,A,B))#
> system.time(p <- dbd_prob(t=1,a0,b0,drates1,brates2,drates2,trans,B))
   user  system elapsed 
  0.248   0.002   0.248 
> 
> source("sir.r")
> p0=sir(t=1,n=a0,a=N-a0,f=trans,mu=gamma)
[1] NaN
[1] NaN
[1] NaN
[1] Inf
[1] 0.4804277
[1] 0.334921
[1] 0.3444787
> 
> p0
          [,1]      [,2]      [,3] [,4]
[1,]       NaN       NaN       NaN  Inf
[2,] 0.4804277 0.3349210 0.3444787    0
[3,] 0.4866746 0.1888756 0.0000000    0
> p
            [,1]       [,2]       [,3]     [,4]
[1,] 0.006117233 0.02140068 0.03331203 0.020101
[2,] 0.059151592 0.10477245 0.07959477 0.000000
[3,] 0.486674640 0.18887560 0.00000000 0.000000
> source("bbd_prob.r")
> source("bbd_lt.r")
> source("bd_series_accel.r")
> source("contfr.r")
> 
> a0 = 2
> b0 = 1
> A = 3
> B = 3
> N = 3
> gamma = 1
> beta = 1
> 
> brates1=function(x,y){0}
> drates1=function(x,y){0}
> brates2=function(x,y){0}
> drates2=function(x,y){gamma*y}
> trans=function(x,y){beta*x*y/N}
> 
> # system.time(p <- bbd_prob(t=1,a0,b0,brates1,brates2,drates2,trans,A,B))#
> system.time(p <- dbd_prob(t=1,a0,b0,drates1,brates2,drates2,trans,B))
   user  system elapsed 
  0.249   0.002   0.248 
> 
> source("sir.r")
> p0=sir(t=1,n=a0,a=N-a0,f=trans,mu=gamma)
[1] NaN
[1] NaN
[1] NaN
[1] Inf
[1] 0.4804277
[1] 0.334921
[1] 0.3444787
> 
> start_count(2,0,4)
[1] 2 2
> start_count(2,0,3)
[1] 2 2
> n = 2
> a = 1
> l = 0
> i = 0	
> 	count = start_count(n-i,l,n+a-i)
> 	while (!(is.na(count[1]))) {
+ 		print(count)
+ 		count = add_count(n-i,l,n+a-i)
+ 	}
[1] 2 2
Error in add_count(n - i, l, n + a - i) : 
  argument "h" is missing, with no default
> 
> n = 2
> a = 1
> l = 0
> i = 0	
> 	count = start_count(n-i,l,n+a-i)
> 	while (!(is.na(count[1]))) {
+ 		print(count)
+ 		count = add_count(count,n-i,l,n+a-i)
+ 	}
[1] 2 2
[1] 2 3
[1] 3 3
> source("sir.r")
> p0=sir(t=1,n=a0,a=N-a0,f=trans,mu=gamma)
[1] NaN
[1] NaN
[1] NaN
[1] Inf
[1] 0.4804277
[1] 0.334921
[1] 0.3444787
> 
> p0
          [,1]      [,2]      [,3] [,4]
[1,]       NaN       NaN       NaN  Inf
[2,] 0.4804277 0.3349210 0.3444787    0
[3,] 0.4866746 0.1888756 0.0000000    0
> debug(sir)
> source("sir.r")
> p0=sir(t=1,n=a0,a=N-a0,f=trans,mu=gamma)
[1] NaN
[1] NaN
[1] NaN
[1] Inf
[1] 0.4804277
[1] 0.334921
[1] 0.3444787
> source("sir.r")
> p0=sir(t=1,n=a0,a=N-a0,f=trans,mu=gamma)
[1] NaN
[1] NaN
[1] NaN
[1] Inf
[1] 0.4804277
[1] 0.334921
[1] 0.3444787
> source("sir.r")
> p0=sir(t=1,n=a0,a=N-a0,f=trans,mu=gamma)
[1] -1.048257
[1] -0.8303684
[1] -0.3762998
[1] -0.8503359
[1] -0.2352274
[1] -0.2558815
[1] 0.1591895
Warning messages:
1: In log(bigs) : NaNs produced
2: In log(bigs) : NaNs produced
3: In log(bigs) : NaNs produced
4: In log(bigs) : NaNs produced
5: In log(bigs) : NaNs produced
6: In log(bigs) : NaNs produced
> p0
          [,1]      [,2]      [,3] [,4]
[1,]       NaN       NaN       NaN  NaN
[2,]       NaN       NaN 0.1591895    0
[3,] 0.4866746 0.1888756 0.0000000    0
> p
            [,1]       [,2]       [,3]     [,4]
[1,] 0.006117233 0.02140068 0.03331203 0.020101
[2,] 0.059151592 0.10477245 0.07959477 0.000000
[3,] 0.486674640 0.18887560 0.00000000 0.000000
> source("sir.r")
> p0=sir(t=1,n=a0,a=N-a0,f=trans,mu=gamma)
[1] 0.3504532
[1] -1.579318
[1] -0.09257805
[1] -0.318876
[1] -0.1764205
[1] -0.1919111
[1] 0.1193922
Warning messages:
1: In log(bigs) : NaNs produced
2: In log(bigs) : NaNs produced
3: In log(bigs) : NaNs produced
4: In log(bigs) : NaNs produced
5: In log(bigs) : NaNs produced
> p0
          [,1]      [,2]      [,3] [,4]
[1,] 0.9345418       NaN       NaN  NaN
[2,]       NaN       NaN 0.1591895    0
[3,] 0.4866746 0.1888756 0.0000000    0
> p
            [,1]       [,2]       [,3]     [,4]
[1,] 0.006117233 0.02140068 0.03331203 0.020101
[2,] 0.059151592 0.10477245 0.07959477 0.000000
[3,] 0.486674640 0.18887560 0.00000000 0.000000
> source("sir.r")
> p0=sir(t=1,n=a0,a=N-a0,f=trans,mu=gamma)
[1] -1.048257
[1] -0.8303684
[1] -0.3762998
[1] -0.8503359
[1] -0.2352274
[1] -0.2558815
[1] 0.1591895
Warning messages:
1: In log(bigs) : NaNs produced
2: In log(bigs) : NaNs produced
3: In log(bigs) : NaNs produced
4: In log(bigs) : NaNs produced
5: In log(bigs) : NaNs produced
6: In log(bigs) : NaNs produced
> p0
          [,1]      [,2]      [,3] [,4]
[1,]       NaN       NaN       NaN  NaN
[2,]       NaN       NaN 0.1591895    0
[3,] 0.4866746 0.1888756 0.0000000    0
> j = 4
> l = 3
> h =	5
> 	count = start_count(j,l,h)
> 	while (!(is.na(count[1]))) {
+ 		print(count)
+ 		count = add_count(count,j,l,h)
+ 	}
[1] 3 3 3 3
[1] 3 3 3 4
[1] 3 3 4 4
[1] 3 4 4 4
[1] 4 4 4 4
[1] 4 4 4 5
[1] 4 4 5 5
[1] 4 5 5 5
[1] 5 5 5 5
> 
> source("sir.r")
> p0=sir(t=1,n=a0,a=N-a0,f=trans,mu=gamma)
[1] -1.048257
[1] -0.8303684
[1] -0.3762998
[1] -0.8503359
[1] -0.2352274
[1] -0.2558815
[1] 0.1591895
Warning messages:
1: In log(bigs) : NaNs produced
2: In log(bigs) : NaNs produced
3: In log(bigs) : NaNs produced
4: In log(bigs) : NaNs produced
5: In log(bigs) : NaNs produced
6: In log(bigs) : NaNs produced
> j = 4
> l = 3
> h =	5
> 	count = start_count(j,l,h)
> 	while (!(is.na(count[1]))) {
+ 		print(count)
+ 		count = add_count(count,j,l,h)
+ 	}
[1] 3 3 4 5
[1] 3 4 4 5
[1] 4 4 4 5
[1] 4 4 5 5
[1] 4 5 5 5
[1] 5 5 5 5
> 
> j = 10
> l = 3
> h =	5
> 	count = start_count(j,l,h)
> 	while (!(is.na(count[1]))) {
+ 		print(count)
+ 		count = add_count(count,j,l,h)
+ 	}
> 
> count
[1] NA
> j = 5
> l = 3
> h =	10
> 	count = start_count(j,l,h)
> 	while (!(is.na(count[1]))) {
+ 		print(count)
+ 		count = add_count(count,j,l,h)
+ 	}
[1] 3 3 4 5 6
[1] 3 4 4 5 6
[1] 4 4 4 5 6
[1] 4 4 5 5 6
[1] 4 5 5 5 6
[1] 5 5 5 5 6
[1] 5 5 5 6 6
[1] 5 5 6 6 6
[1] 5 6 6 6 6
[1] 6 6 6 6 6
[1] 6 6 6 6 7
[1] 6 6 6 7 7
[1] 6 6 7 7 7
[1] 6 7 7 7 7
[1] 7 7 7 7 7
[1] 7 7 7 7 8
[1] 7 7 7 8 8
[1] 7 7 8 8 8
[1] 7 8 8 8 8
[1] 8 8 8 8 8
[1] 8 8 8 8 9
[1] 8 8 8 9 9
[1] 8 8 9 9 9
[1] 8 9 9 9 9
[1] 9 9 9 9 9
[1]  9  9  9  9 10
[1]  9  9  9 10 10
[1]  9  9 10 10 10
[1]  9 10 10 10 10
[1] 10 10 10 10 10
> source("sir.r")
> p0=sir(t=1,n=a0,a=N-a0,f=trans,mu=gamma)
[1] -1.048257
[1] -0.8303684
[1] -0.3762998
[1] -0.8503359
[1] -0.2352274
[1] -0.2558815
[1] 0.1591895
Warning messages:
1: In log(bigs) : NaNs produced
2: In log(bigs) : NaNs produced
3: In log(bigs) : NaNs produced
4: In log(bigs) : NaNs produced
5: In log(bigs) : NaNs produced
6: In log(bigs) : NaNs produced
> source("sir.r")
> p0=sir(t=1,n=a0,a=N-a0,f=trans,mu=gamma)
[1] -1.048257
[1] -0.8303684
[1] -0.3762998
[1] -0.8503359
[1] -0.2352274
[1] -0.2558815
[1] 0.1591895
Warning messages:
1: In log(bigs) : NaNs produced
2: In log(bigs) : NaNs produced
3: In log(bigs) : NaNs produced
4: In log(bigs) : NaNs produced
5: In log(bigs) : NaNs produced
6: In log(bigs) : NaNs produced
> source("sir.r")
> p0=sir(t=1,n=a0,a=N-a0,f=trans,mu=gamma)
[1] 0.6946682
[1] -1.08254
[1] -0.7613392
[1] 0.120606
[1] -0.2352274
[1] -0.2558815
[1] 0.1591895
Warning messages:
1: In log(bigs) : NaNs produced
2: In log(bigs) : NaNs produced
3: In log(bigs) : NaNs produced
4: In log(bigs) : NaNs produced
> source("sir.r")
> p0=sir(t=1,n=a0,a=N-a0,f=trans,mu=gamma)
[1] 0.2898475
[1] 0.4027005
[1] 0.3484266
[1] 0.1327655
[1] -0.2352274
[1] -0.2558815
[1] 0.1591895
Warning messages:
1: In log(bigs) : NaNs produced
2: In log(bigs) : NaNs produced
> source("sir.r")
> p0=sir(t=1,n=a0,a=N-a0,f=trans,mu=gamma)
[1] 0.6946682
[1] -1.08254
[1] -0.7613392
[1] 0.120606
[1] -0.2352274
[1] -0.2558815
[1] 0.1591895
Warning messages:
1: In log(bigs) : NaNs produced
2: In log(bigs) : NaNs produced
3: In log(bigs) : NaNs produced
4: In log(bigs) : NaNs produced
> source("sir.r")
> p0=sir(t=1,n=a0,a=N-a0,f=trans,mu=gamma)
Error in print.default(w, k, wp, kp) : invalid 'na.print' specification
> source("sir.r")
> p0=sir(t=1,n=a0,a=N-a0,f=trans,mu=gamma)
[1] 0
[1] 0
[1] 0
[1] 0
[1] 0
[1] 0
[1] 1
[1] 1
[1] 0
[1] 0
[1] 2
[1] 2
[1] 1
[1] 1
[1] 0
[1] 0
[1] 1
[1] 1
[1] 1
[1] 1
[1] 2
[1] 2
[1] 0
[1] 0
[1] 0
[1] 0
[1] 0
[1] 0
[1] 0
[1] 0
[1] 1
[1] 1
[1] 0
[1] 0
[1] 2
[1] 2
[1] 0
[1] 0
[1] 3
[1] 3
[1] 1
[1] 1
[1] 0
[1] 0
[1] 2
[1] 2
[1] 0
[1] 0
[1] 0.6946682
[1] 0
[1] 0
[1] 0
[1] 0
[1] 0
[1] 0
[1] 1
[1] 1
[1] 1
[1] 1
[1] 0
[1] 0
[1] 1
[1] 1
[1] 1
[1] 1
[1] 2
[1] 2
[1] 0
[1] 0
[1] 0
[1] 0
[1] 0
[1] 0
[1] 0
[1] 0
[1] 1
[1] 1
[1] 0
[1] 0
[1] 2
[1] 2
[1] 1
[1] 1
[1] 0
[1] 0
[1] 2
[1] 2
[1] 0
[1] 0
[1] -1.08254
[1] 0
[1] 0
[1] 0
[1] 0
[1] 1
[1] 1
[1] 0
[1] 0
[1] 1
[1] 1
[1] 1
[1] 1
[1] 2
[1] 2
[1] 0
[1] 0
[1] 0
[1] 0
[1] 0
[1] 0
[1] 0
[1] 0
[1] 1
[1] 1
[1] 1
[1] 1
[1] 0
[1] 0
[1] 2
[1] 2
[1] 0
[1] 0
[1] -0.7613392
[1] 0
[1] 0
[1] 0
[1] 0
[1] 1
[1] 1
[1] 0
[1] 0
[1] 2
[1] 2
[1] 0
[1] 0
[1] 0.120606
[1] 0
[1] 0
[1] 0
[1] 0
[1] 0
[1] 0
[1] 1
[1] 1
[1] 0
[1] 0
[1] 2
[1] 2
[1] 1
[1] 1
[1] 0
[1] 0
[1] -0.2352274
[1] 0
[1] 0
[1] 0
[1] 0
[1] 0
[1] 0
[1] 1
[1] 1
[1] 1
[1] 1
[1] 0
[1] 0
[1] -0.2558815
[1] 0
[1] 0
[1] 0
[1] 0
[1] 1
[1] 1
[1] 0
[1] 0
[1] 0.1591895
Warning messages:
1: In log(bigs) : NaNs produced
2: In log(bigs) : NaNs produced
3: In log(bigs) : NaNs produced
4: In log(bigs) : NaNs produced
> source("sir.r")
> p0=sir(t=1,n=a0,a=N-a0,f=trans,mu=gamma)
[1] "****"
[1] 0
[1] 0
[1] 0
[1] 0
[1] "****"
[1] 0
[1] 0
[1] 1
[1] 1
[1] "****"
[1] 0
[1] 0
[1] 2
[1] 2
[1] "****"
[1] 1
[1] 1
[1] 0
[1] 0
[1] "****"
[1] 1
[1] 1
[1] 1
[1] 1
[1] "****"
[1] 2
[1] 2
[1] 0
[1] 0
[1] "****"
[1] 0
[1] 0
[1] 0
[1] 0
[1] "****"
[1] 0
[1] 0
[1] 1
[1] 1
[1] "****"
[1] 0
[1] 0
[1] 2
[1] 2
[1] "****"
[1] 0
[1] 0
[1] 3
[1] 3
[1] "****"
[1] 1
[1] 1
[1] 0
[1] 0
[1] "****"
[1] 2
[1] 2
[1] 0
[1] 0
[1] "****"
[1] 0
[1] 0
[1] 0
[1] 0
[1] "****"
[1] 0
[1] 0
[1] 1
[1] 1
[1] "****"
[1] 1
[1] 1
[1] 0
[1] 0
[1] "****"
[1] 1
[1] 1
[1] 1
[1] 1
[1] "****"
[1] 2
[1] 2
[1] 0
[1] 0
[1] "****"
[1] 0
[1] 0
[1] 0
[1] 0
[1] "****"
[1] 0
[1] 0
[1] 1
[1] 1
[1] "****"
[1] 0
[1] 0
[1] 2
[1] 2
[1] "****"
[1] 1
[1] 1
[1] 0
[1] 0
[1] "****"
[1] 2
[1] 2
[1] 0
[1] 0
[1] "****"
[1] 0
[1] 0
[1] 0
[1] 0
[1] "****"
[1] 1
[1] 1
[1] 0
[1] 0
[1] "****"
[1] 1
[1] 1
[1] 1
[1] 1
[1] "****"
[1] 2
[1] 2
[1] 0
[1] 0
[1] "****"
[1] 0
[1] 0
[1] 0
[1] 0
[1] "****"
[1] 0
[1] 0
[1] 1
[1] 1
[1] "****"
[1] 1
[1] 1
[1] 0
[1] 0
[1] "****"
[1] 2
[1] 2
[1] 0
[1] 0
[1] "****"
[1] 0
[1] 0
[1] 0
[1] 0
[1] "****"
[1] 1
[1] 1
[1] 0
[1] 0
[1] "****"
[1] 2
[1] 2
[1] 0
[1] 0
[1] "****"
[1] 0
[1] 0
[1] 0
[1] 0
[1] "****"
[1] 0
[1] 0
[1] 1
[1] 1
[1] "****"
[1] 0
[1] 0
[1] 2
[1] 2
[1] "****"
[1] 1
[1] 1
[1] 0
[1] 0
[1] "****"
[1] 0
[1] 0
[1] 0
[1] 0
[1] "****"
[1] 0
[1] 0
[1] 1
[1] 1
[1] "****"
[1] 1
[1] 1
[1] 0
[1] 0
[1] "****"
[1] 0
[1] 0
[1] 0
[1] 0
[1] "****"
[1] 1
[1] 1
[1] 0
[1] 0
Warning messages:
1: In log(bigs) : NaNs produced
2: In log(bigs) : NaNs produced
3: In log(bigs) : NaNs produced
4: In log(bigs) : NaNs produced
> source("sir.r")
> p0=sir(t=1,n=a0,a=N-a0,f=trans,mu=gamma)
Warning messages:
1: In log(bigs) : NaNs produced
2: In log(bigs) : NaNs produced
3: In log(bigs) : NaNs produced
4: In log(bigs) : NaNs produced
> p0
          [,1]      [,2]      [,3]     [,4]
[1,] 0.6946682       NaN       NaN 0.120606
[2,]       NaN       NaN 0.1591895 0.000000
[3,] 0.4866746 0.1888756 0.0000000 0.000000
> p0
          [,1]      [,2]      [,3]     [,4]
[1,] 0.6946682       NaN       NaN 0.120606
[2,]       NaN       NaN 0.1591895 0.000000
[3,] 0.4866746 0.1888756 0.0000000 0.000000
> source("sir.r")
> p0=sir(t=1,n=a0,a=N-a0,f=trans,mu=gamma)
[1] 0.9312715
[1] -0.2366033
[1] 0.6946682
[1] -0.5987681
[1] -0.4837717
[1] -1.08254
[1] -1.045102
[1] 0.2837626
[1] -0.7613392
[1] 0.120606
[1] 0.120606
[1] -0.2352274
[1] -0.2352274
[1] -0.2558815
[1] -0.2558815
[1] 0.1591895
[1] 0.1591895
Warning messages:
1: In log(bigs) : NaNs produced
2: In log(bigs) : NaNs produced
3: In log(bigs) : NaNs produced
4: In log(bigs) : NaNs produced
> source("sir.r")
> p0=sir(t=1,n=a0,a=N-a0,f=trans,mu=gamma)
[1] 0.6946682
[1] -1.08254
[1] -0.7613392
[1] 0.120606
[1] -0.2352274
[1] -0.2558815
[1] 0.1591895
Warning messages:
1: In log(bigs) : NaNs produced
2: In log(bigs) : NaNs produced
3: In log(bigs) : NaNs produced
4: In log(bigs) : NaNs produced
> debug(sir)
> p0=sir(t=1,n=a0,a=N-a0,f=trans,mu=gamma)
debugging in: sir(t = 1, n = a0, a = N - a0, f = trans, mu = gamma)
debug at sir.r#5: {
    p = matrix(0, nrow = n + 1, ncol = n + a + 1)
    for (l in 0:a) {
        if (l < a) 
            tmp = (a - l) * log(mu) + sum(log((l + 1):a))
        else tmp = 0
        bigs = 0
        for (k in l:a) {
            pr = 1
            for (kp in l:a) {
                if (!(kp == k)) 
                  pr = pr/(mu * (kp - k) + f(n, kp) - f(n, k))
            }
            pr = pr/exp((mu * k + f(n, k)) * t)
            bigs = bigs + pr
        }
        tmp = tmp + log(bigs)
        p[n + 1, l + 1] = exp(tmp)
    }
    for (i in 0:(n - 1)) for (l in 0:(n + a - i)) {
        if (l < a) 
            tmp = (n + a - i - l) * log(mu) + sum(log((l + 1):a))
        else tmp = (n - i) * log(mu)
        count = start_count(n - i, l, n + a - i)
        bigs = 0
        while (!(is.na(count[1]))) {
            lw = rep(NA, n - i + 2)
            lw[1] = l
            lw[n - i + 2] = n + a - i
            lw[2:(n - i + 1)] = count
            ff <- function(i, w, k) {
                return(mu * (lw[w + 1] - w + k) + f(i + w, lw[w + 
                  1] - w + k))
            }
            smalls = 0
            for (w in 0:(n - i)) for (k in 0:(lw[w + 2] - lw[w + 
                1])) {
                pr = 1
                for (wp in 0:(n - i)) for (kp in 0:(lw[w + 2] - 
                  lw[w + 1])) {
                  if (abs(ff(i, wp, kp) - ff(i, w, k)) > 0) 
                    pr = pr/(ff(i, wp, kp) - ff(i, w, k))
                }
                pr = pr/exp(ff(i, w, k) * t)
                smalls = smalls + pr
            }
            for (w in 1:(n - i)) smalls = smalls * (lw[w + 1] - 
                w + 1) * f(i + w, lw[w + 1] - w)
            bigs = bigs + smalls
            count = add_count(count, n - i, l, n + a - i)
        }
        print(bigs)
        tmp = tmp + log(bigs)
        p[i + 1, l + 1] = exp(tmp)
    }
    return(p)
}
Browse[2]> 
debug at sir.r#6: p = matrix(0, nrow = n + 1, ncol = n + a + 1)
Browse[2]> 
debug at sir.r#7: for (l in 0:a) {
    if (l < a) 
        tmp = (a - l) * log(mu) + sum(log((l + 1):a))
    else tmp = 0
    bigs = 0
    for (k in l:a) {
        pr = 1
        for (kp in l:a) {
            if (!(kp == k)) 
                pr = pr/(mu * (kp - k) + f(n, kp) - f(n, k))
        }
        pr = pr/exp((mu * k + f(n, k)) * t)
        bigs = bigs + pr
    }
    tmp = tmp + log(bigs)
    p[n + 1, l + 1] = exp(tmp)
}
Browse[2]> 
debug at sir.r#8: if (l < a) tmp = (a - l) * log(mu) + sum(log((l + 1):a)) else tmp = 0
Browse[2]> 
debug at sir.r#8: tmp = (a - l) * log(mu) + sum(log((l + 1):a))
Browse[2]> 
debug at sir.r#9: bigs = 0
Browse[2]> 
debug at sir.r#10: for (k in l:a) {
    pr = 1
    for (kp in l:a) {
        if (!(kp == k)) 
            pr = pr/(mu * (kp - k) + f(n, kp) - f(n, k))
    }
    pr = pr/exp((mu * k + f(n, k)) * t)
    bigs = bigs + pr
}
Browse[2]> 
debug at sir.r#11: pr = 1
Browse[2]> 
debug at sir.r#12: for (kp in l:a) {
    if (!(kp == k)) 
        pr = pr/(mu * (kp - k) + f(n, kp) - f(n, k))
}
Browse[2]> 
debug at sir.r#13: if (!(kp == k)) pr = pr/(mu * (kp - k) + f(n, kp) - f(n, k))
Browse[2]> 
debug at sir.r#13: if (!(kp == k)) pr = pr/(mu * (kp - k) + f(n, kp) - f(n, k))
Browse[2]> 
debug at sir.r#13: pr = pr/(mu * (kp - k) + f(n, kp) - f(n, k))
Browse[2]> 
debug at sir.r#15: pr = pr/exp((mu * k + f(n, k)) * t)
Browse[2]> 
debug at sir.r#16: bigs = bigs + pr
Browse[2]> 
debug at sir.r#11: pr = 1
Browse[2]> 
debug at sir.r#12: for (kp in l:a) {
    if (!(kp == k)) 
        pr = pr/(mu * (kp - k) + f(n, kp) - f(n, k))
}
Browse[2]> 
debug at sir.r#13: if (!(kp == k)) pr = pr/(mu * (kp - k) + f(n, kp) - f(n, k))
Browse[2]> 
debug at sir.r#13: pr = pr/(mu * (kp - k) + f(n, kp) - f(n, k))
Browse[2]> 
debug at sir.r#13: if (!(kp == k)) pr = pr/(mu * (kp - k) + f(n, kp) - f(n, k))
Browse[2]> 
debug at sir.r#15: pr = pr/exp((mu * k + f(n, k)) * t)
Browse[2]> 
debug at sir.r#16: bigs = bigs + pr
Browse[2]> 
debug at sir.r#18: tmp = tmp + log(bigs)
Browse[2]> 
debug at sir.r#19: p[n + 1, l + 1] = exp(tmp)
Browse[2]> 
debug at sir.r#8: if (l < a) tmp = (a - l) * log(mu) + sum(log((l + 1):a)) else tmp = 0
Browse[2]> 
debug at sir.r#8: tmp = 0
Browse[2]> 
debug at sir.r#9: bigs = 0
Browse[2]> 
debug at sir.r#10: for (k in l:a) {
    pr = 1
    for (kp in l:a) {
        if (!(kp == k)) 
            pr = pr/(mu * (kp - k) + f(n, kp) - f(n, k))
    }
    pr = pr/exp((mu * k + f(n, k)) * t)
    bigs = bigs + pr
}
Browse[2]> 
debug at sir.r#11: pr = 1
Browse[2]> 
debug at sir.r#12: for (kp in l:a) {
    if (!(kp == k)) 
        pr = pr/(mu * (kp - k) + f(n, kp) - f(n, k))
}
Browse[2]> 
debug at sir.r#13: if (!(kp == k)) pr = pr/(mu * (kp - k) + f(n, kp) - f(n, k))
Browse[2]> 
debug at sir.r#15: pr = pr/exp((mu * k + f(n, k)) * t)
Browse[2]> 
debug at sir.r#16: bigs = bigs + pr
Browse[2]> 
debug at sir.r#18: tmp = tmp + log(bigs)
Browse[2]> 
debug at sir.r#19: p[n + 1, l + 1] = exp(tmp)
Browse[2]> 
debug at sir.r#22: for (i in 0:(n - 1)) for (l in 0:(n + a - i)) {
    if (l < a) 
        tmp = (n + a - i - l) * log(mu) + sum(log((l + 1):a))
    else tmp = (n - i) * log(mu)
    count = start_count(n - i, l, n + a - i)
    bigs = 0
    while (!(is.na(count[1]))) {
        lw = rep(NA, n - i + 2)
        lw[1] = l
        lw[n - i + 2] = n + a - i
        lw[2:(n - i + 1)] = count
        ff <- function(i, w, k) {
            return(mu * (lw[w + 1] - w + k) + f(i + w, lw[w + 
                1] - w + k))
        }
        smalls = 0
        for (w in 0:(n - i)) for (k in 0:(lw[w + 2] - lw[w + 
            1])) {
            pr = 1
            for (wp in 0:(n - i)) for (kp in 0:(lw[w + 2] - lw[w + 
                1])) {
                if (abs(ff(i, wp, kp) - ff(i, w, k)) > 0) 
                  pr = pr/(ff(i, wp, kp) - ff(i, w, k))
            }
            pr = pr/exp(ff(i, w, k) * t)
            smalls = smalls + pr
        }
        for (w in 1:(n - i)) smalls = smalls * (lw[w + 1] - w + 
            1) * f(i + w, lw[w + 1] - w)
        bigs = bigs + smalls
        count = add_count(count, n - i, l, n + a - i)
    }
    print(bigs)
    tmp = tmp + log(bigs)
    p[i + 1, l + 1] = exp(tmp)
}
Browse[2]> 
debug at sir.r#22: for (l in 0:(n + a - i)) {
    if (l < a) 
        tmp = (n + a - i - l) * log(mu) + sum(log((l + 1):a))
    else tmp = (n - i) * log(mu)
    count = start_count(n - i, l, n + a - i)
    bigs = 0
    while (!(is.na(count[1]))) {
        lw = rep(NA, n - i + 2)
        lw[1] = l
        lw[n - i + 2] = n + a - i
        lw[2:(n - i + 1)] = count
        ff <- function(i, w, k) {
            return(mu * (lw[w + 1] - w + k) + f(i + w, lw[w + 
                1] - w + k))
        }
        smalls = 0
        for (w in 0:(n - i)) for (k in 0:(lw[w + 2] - lw[w + 
            1])) {
            pr = 1
            for (wp in 0:(n - i)) for (kp in 0:(lw[w + 2] - lw[w + 
                1])) {
                if (abs(ff(i, wp, kp) - ff(i, w, k)) > 0) 
                  pr = pr/(ff(i, wp, kp) - ff(i, w, k))
            }
            pr = pr/exp(ff(i, w, k) * t)
            smalls = smalls + pr
        }
        for (w in 1:(n - i)) smalls = smalls * (lw[w + 1] - w + 
            1) * f(i + w, lw[w + 1] - w)
        bigs = bigs + smalls
        count = add_count(count, n - i, l, n + a - i)
    }
    print(bigs)
    tmp = tmp + log(bigs)
    p[i + 1, l + 1] = exp(tmp)
}
Browse[2]> 
debug at sir.r#24: if (l < a) tmp = (n + a - i - l) * log(mu) + sum(log((l + 1):a)) else tmp = (n - 
    i) * log(mu)
Browse[2]> i
[1] 0
Browse[2]> l
[1] 0
Browse[2]> 
debug at sir.r#24: tmp = (n + a - i - l) * log(mu) + sum(log((l + 1):a))
Browse[2]> 
debug at sir.r#25: count = start_count(n - i, l, n + a - i)
Browse[2]> 
debug at sir.r#26: bigs = 0
Browse[2]> count
[1] 2 3
Browse[2]> 
debug at sir.r#27: while (!(is.na(count[1]))) {
    lw = rep(NA, n - i + 2)
    lw[1] = l
    lw[n - i + 2] = n + a - i
    lw[2:(n - i + 1)] = count
    ff <- function(i, w, k) {
        return(mu * (lw[w + 1] - w + k) + f(i + w, lw[w + 1] - 
            w + k))
    }
    smalls = 0
    for (w in 0:(n - i)) for (k in 0:(lw[w + 2] - lw[w + 1])) {
        pr = 1
        for (wp in 0:(n - i)) for (kp in 0:(lw[w + 2] - lw[w + 
            1])) {
            if (abs(ff(i, wp, kp) - ff(i, w, k)) > 0) 
                pr = pr/(ff(i, wp, kp) - ff(i, w, k))
        }
        pr = pr/exp(ff(i, w, k) * t)
        smalls = smalls + pr
    }
    for (w in 1:(n - i)) smalls = smalls * (lw[w + 1] - w + 1) * 
        f(i + w, lw[w + 1] - w)
    bigs = bigs + smalls
    count = add_count(count, n - i, l, n + a - i)
}
Browse[2]> 
debug at sir.r#28: lw = rep(NA, n - i + 2)
Browse[2]> 
debug at sir.r#29: lw[1] = l
Browse[2]> 
debug at sir.r#30: lw[n - i + 2] = n + a - i
Browse[2]> 
debug at sir.r#31: lw[2:(n - i + 1)] = count
Browse[2]> 
debug at sir.r#32: ff <- function(i, w, k) {
    return(mu * (lw[w + 1] - w + k) + f(i + w, lw[w + 1] - w + 
        k))
}
Browse[2]> lw
[1] 0 2 3 3
Browse[2]> 
debug at sir.r#35: smalls = 0
Browse[2]> 
debug at sir.r#36: for (w in 0:(n - i)) for (k in 0:(lw[w + 2] - lw[w + 1])) {
    pr = 1
    for (wp in 0:(n - i)) for (kp in 0:(lw[w + 2] - lw[w + 1])) {
        if (abs(ff(i, wp, kp) - ff(i, w, k)) > 0) 
            pr = pr/(ff(i, wp, kp) - ff(i, w, k))
    }
    pr = pr/exp(ff(i, w, k) * t)
    smalls = smalls + pr
}
Browse[2]> 
debug at sir.r#36: for (k in 0:(lw[w + 2] - lw[w + 1])) {
    pr = 1
    for (wp in 0:(n - i)) for (kp in 0:(lw[w + 2] - lw[w + 1])) {
        if (abs(ff(i, wp, kp) - ff(i, w, k)) > 0) 
            pr = pr/(ff(i, wp, kp) - ff(i, w, k))
    }
    pr = pr/exp(ff(i, w, k) * t)
    smalls = smalls + pr
}
Browse[2]> 
debug at sir.r#38: pr = 1
Browse[2]> 
debug at sir.r#39: for (wp in 0:(n - i)) for (kp in 0:(lw[w + 2] - lw[w + 1])) {
    if (abs(ff(i, wp, kp) - ff(i, w, k)) > 0) 
        pr = pr/(ff(i, wp, kp) - ff(i, w, k))
}
Browse[2]> 
debug at sir.r#39: for (kp in 0:(lw[w + 2] - lw[w + 1])) {
    if (abs(ff(i, wp, kp) - ff(i, w, k)) > 0) 
        pr = pr/(ff(i, wp, kp) - ff(i, w, k))
}
Browse[2]> 
debug at sir.r#41: if (abs(ff(i, wp, kp) - ff(i, w, k)) > 0) pr = pr/(ff(i, wp, 
    kp) - ff(i, w, k))
Browse[2]> pr
[1] 1
Browse[2]> 
debug at sir.r#41: if (abs(ff(i, wp, kp) - ff(i, w, k)) > 0) pr = pr/(ff(i, wp, 
    kp) - ff(i, w, k))
Browse[2]> pr
[1] 1
Browse[2]> 
debug at sir.r#41: pr = pr/(ff(i, wp, kp) - ff(i, w, k))
Browse[2]> 
debug at sir.r#41: if (abs(ff(i, wp, kp) - ff(i, w, k)) > 0) pr = pr/(ff(i, wp, 
    kp) - ff(i, w, k))
Browse[2]> pr
[1] 1
Browse[2]> 
debug at sir.r#41: pr = pr/(ff(i, wp, kp) - ff(i, w, k))
Browse[2]> 
debug at sir.r#39: for (kp in 0:(lw[w + 2] - lw[w + 1])) {
    if (abs(ff(i, wp, kp) - ff(i, w, k)) > 0) 
        pr = pr/(ff(i, wp, kp) - ff(i, w, k))
}
Browse[2]> pr
[1] 0.5
Browse[2]> 
debug at sir.r#41: if (abs(ff(i, wp, kp) - ff(i, w, k)) > 0) pr = pr/(ff(i, wp, 
    kp) - ff(i, w, k))
Browse[2]> 
debug at sir.r#41: pr = pr/(ff(i, wp, kp) - ff(i, w, k))
Browse[2]> 
debug at sir.r#41: if (abs(ff(i, wp, kp) - ff(i, w, k)) > 0) pr = pr/(ff(i, wp, 
    kp) - ff(i, w, k))
Browse[2]> c
debug at sir.r#39: for (kp in 0:(lw[w + 2] - lw[w + 1])) {
    if (abs(ff(i, wp, kp) - ff(i, w, k)) > 0) 
        pr = pr/(ff(i, wp, kp) - ff(i, w, k))
}
Browse[2]> pr
[1] 0.03515625
Browse[2]> 
debug at sir.r#41: if (abs(ff(i, wp, kp) - ff(i, w, k)) > 0) pr = pr/(ff(i, wp, 
    kp) - ff(i, w, k))
Browse[2]> 
debug at sir.r#41: pr = pr/(ff(i, wp, kp) - ff(i, w, k))
Browse[2]> 
debug at sir.r#41: if (abs(ff(i, wp, kp) - ff(i, w, k)) > 0) pr = pr/(ff(i, wp, 
    kp) - ff(i, w, k))
Browse[2]> 
debug at sir.r#41: pr = pr/(ff(i, wp, kp) - ff(i, w, k))
Browse[2]> 
debug at sir.r#41: if (abs(ff(i, wp, kp) - ff(i, w, k)) > 0) pr = pr/(ff(i, wp, 
    kp) - ff(i, w, k))
Browse[2]> 
debug at sir.r#41: pr = pr/(ff(i, wp, kp) - ff(i, w, k))
Browse[2]> pr
[1] 0.006328125
Browse[2]> 
debug at sir.r#44: pr = pr/exp(ff(i, w, k) * t)
Browse[2]> 
debug at sir.r#45: smalls = smalls + pr
Browse[2]> pr
[1] 0.001265625
Browse[2]> 
debug at sir.r#38: pr = 1
Browse[2]> 
debug at sir.r#39: for (wp in 0:(n - i)) for (kp in 0:(lw[w + 2] - lw[w + 1])) {
    if (abs(ff(i, wp, kp) - ff(i, w, k)) > 0) 
        pr = pr/(ff(i, wp, kp) - ff(i, w, k))
}
Browse[2]> 
debug at sir.r#39: for (kp in 0:(lw[w + 2] - lw[w + 1])) {
    if (abs(ff(i, wp, kp) - ff(i, w, k)) > 0) 
        pr = pr/(ff(i, wp, kp) - ff(i, w, k))
}
Browse[2]> 
debug at sir.r#41: if (abs(ff(i, wp, kp) - ff(i, w, k)) > 0) pr = pr/(ff(i, wp, 
    kp) - ff(i, w, k))
Browse[2]> 
debug at sir.r#41: pr = pr/(ff(i, wp, kp) - ff(i, w, k))
Browse[2]> 
debug at sir.r#41: if (abs(ff(i, wp, kp) - ff(i, w, k)) > 0) pr = pr/(ff(i, wp, 
    kp) - ff(i, w, k))
Browse[2]> 
debug at sir.r#41: if (abs(ff(i, wp, kp) - ff(i, w, k)) > 0) pr = pr/(ff(i, wp, 
    kp) - ff(i, w, k))
Browse[2]> 
debug at sir.r#41: pr = pr/(ff(i, wp, kp) - ff(i, w, k))
Browse[2]> 
debug at sir.r#39: for (kp in 0:(lw[w + 2] - lw[w + 1])) {
    if (abs(ff(i, wp, kp) - ff(i, w, k)) > 0) 
        pr = pr/(ff(i, wp, kp) - ff(i, w, k))
}
Browse[2]> 
debug at sir.r#41: if (abs(ff(i, wp, kp) - ff(i, w, k)) > 0) pr = pr/(ff(i, wp, 
    kp) - ff(i, w, k))
Browse[2]> 
debug at sir.r#41: pr = pr/(ff(i, wp, kp) - ff(i, w, k))
Browse[2]> 
debug at sir.r#41: if (abs(ff(i, wp, kp) - ff(i, w, k)) > 0) pr = pr/(ff(i, wp, 
    kp) - ff(i, w, k))
Browse[2]> 
debug at sir.r#41: pr = pr/(ff(i, wp, kp) - ff(i, w, k))
Browse[2]> 
debug at sir.r#41: if (abs(ff(i, wp, kp) - ff(i, w, k)) > 0) pr = pr/(ff(i, wp, 
    kp) - ff(i, w, k))
Browse[2]> 
debug at sir.r#41: pr = pr/(ff(i, wp, kp) - ff(i, w, k))
Browse[2]> 
debug at sir.r#39: for (kp in 0:(lw[w + 2] - lw[w + 1])) {
    if (abs(ff(i, wp, kp) - ff(i, w, k)) > 0) 
        pr = pr/(ff(i, wp, kp) - ff(i, w, k))
}
Browse[2]> 
debug at sir.r#41: if (abs(ff(i, wp, kp) - ff(i, w, k)) > 0) pr = pr/(ff(i, wp, 
    kp) - ff(i, w, k))
Browse[2]> 
debug at sir.r#41: pr = pr/(ff(i, wp, kp) - ff(i, w, k))
Browse[2]> 
debug at sir.r#41: if (abs(ff(i, wp, kp) - ff(i, w, k)) > 0) pr = pr/(ff(i, wp, 
    kp) - ff(i, w, k))
Browse[2]> 
debug at sir.r#41: pr = pr/(ff(i, wp, kp) - ff(i, w, k))
Browse[2]> 
debug at sir.r#41: if (abs(ff(i, wp, kp) - ff(i, w, k)) > 0) pr = pr/(ff(i, wp, 
    kp) - ff(i, w, k))
Browse[2]> 
debug at sir.r#41: pr = pr/(ff(i, wp, kp) - ff(i, w, k))
Browse[2]> 
debug at sir.r#44: pr = pr/exp(ff(i, w, k) * t)
Browse[2]> 
debug at sir.r#45: smalls = smalls + pr
Browse[2]> 
debug at sir.r#38: pr = 1
Browse[2]> 
debug at sir.r#39: for (wp in 0:(n - i)) for (kp in 0:(lw[w + 2] - lw[w + 1])) {
    if (abs(ff(i, wp, kp) - ff(i, w, k)) > 0) 
        pr = pr/(ff(i, wp, kp) - ff(i, w, k))
}
Browse[2]> 
debug at sir.r#39: for (kp in 0:(lw[w + 2] - lw[w + 1])) {
    if (abs(ff(i, wp, kp) - ff(i, w, k)) > 0) 
        pr = pr/(ff(i, wp, kp) - ff(i, w, k))
}
Browse[2]> 
debug at sir.r#41: if (abs(ff(i, wp, kp) - ff(i, w, k)) > 0) pr = pr/(ff(i, wp, 
    kp) - ff(i, w, k))
Browse[2]> 
debug at sir.r#41: pr = pr/(ff(i, wp, kp) - ff(i, w, k))
Browse[2]> 
debug at sir.r#41: if (abs(ff(i, wp, kp) - ff(i, w, k)) > 0) pr = pr/(ff(i, wp, 
    kp) - ff(i, w, k))
Browse[2]> c
debug at sir.r#39: for (kp in 0:(lw[w + 2] - lw[w + 1])) {
    if (abs(ff(i, wp, kp) - ff(i, w, k)) > 0) 
        pr = pr/(ff(i, wp, kp) - ff(i, w, k))
}
Browse[2]> c
debug at sir.r#44: pr = pr/exp(ff(i, w, k) * t)
Browse[2]> 
debug at sir.r#45: smalls = smalls + pr
Browse[2]> 
debug at sir.r#36: for (k in 0:(lw[w + 2] - lw[w + 1])) {
    pr = 1
    for (wp in 0:(n - i)) for (kp in 0:(lw[w + 2] - lw[w + 1])) {
        if (abs(ff(i, wp, kp) - ff(i, w, k)) > 0) 
            pr = pr/(ff(i, wp, kp) - ff(i, w, k))
    }
    pr = pr/exp(ff(i, w, k) * t)
    smalls = smalls + pr
}
Browse[2]> c
debug at sir.r#47: for (w in 1:(n - i)) smalls = smalls * (lw[w + 1] - w + 1) * 
    f(i + w, lw[w + 1] - w)
Browse[2]> small
Error: object 'small' not found
Browse[2]> smalls
[1] 1.04768
Browse[2]> 
debug at sir.r#47: smalls = smalls * (lw[w + 1] - w + 1) * f(i + w, lw[w + 1] - 
    w)
Browse[2]> 
debug at sir.r#47: smalls = smalls * (lw[w + 1] - w + 1) * f(i + w, lw[w + 1] - 
    w)
Browse[2]> 
debug at sir.r#48: bigs = bigs + smalls
Browse[2]> 
debug at sir.r#49: count = add_count(count, n - i, l, n + a - i)
Browse[2]> 
debug at sir.r#27: (while) !(is.na(count[1]))
Browse[2]> 
debug at sir.r#28: lw = rep(NA, n - i + 2)
Browse[2]> 
debug at sir.r#29: lw[1] = l
Browse[2]> 
debug at sir.r#30: lw[n - i + 2] = n + a - i
Browse[2]> 
debug at sir.r#31: lw[2:(n - i + 1)] = count
Browse[2]> 
debug at sir.r#32: ff <- function(i, w, k) {
    return(mu * (lw[w + 1] - w + k) + f(i + w, lw[w + 1] - w + 
        k))
}
Browse[2]> 
debug at sir.r#35: smalls = 0
Browse[2]> 
debug at sir.r#36: for (w in 0:(n - i)) for (k in 0:(lw[w + 2] - lw[w + 1])) {
    pr = 1
    for (wp in 0:(n - i)) for (kp in 0:(lw[w + 2] - lw[w + 1])) {
        if (abs(ff(i, wp, kp) - ff(i, w, k)) > 0) 
            pr = pr/(ff(i, wp, kp) - ff(i, w, k))
    }
    pr = pr/exp(ff(i, w, k) * t)
    smalls = smalls + pr
}
Browse[2]> 
debug at sir.r#36: for (k in 0:(lw[w + 2] - lw[w + 1])) {
    pr = 1
    for (wp in 0:(n - i)) for (kp in 0:(lw[w + 2] - lw[w + 1])) {
        if (abs(ff(i, wp, kp) - ff(i, w, k)) > 0) 
            pr = pr/(ff(i, wp, kp) - ff(i, w, k))
    }
    pr = pr/exp(ff(i, w, k) * t)
    smalls = smalls + pr
}
Browse[2]> 
debug at sir.r#38: pr = 1
Browse[2]> 
debug at sir.r#39: for (wp in 0:(n - i)) for (kp in 0:(lw[w + 2] - lw[w + 1])) {
    if (abs(ff(i, wp, kp) - ff(i, w, k)) > 0) 
        pr = pr/(ff(i, wp, kp) - ff(i, w, k))
}
Browse[2]> 
debug at sir.r#39: for (kp in 0:(lw[w + 2] - lw[w + 1])) {
    if (abs(ff(i, wp, kp) - ff(i, w, k)) > 0) 
        pr = pr/(ff(i, wp, kp) - ff(i, w, k))
}
Browse[2]> 
debug at sir.r#41: if (abs(ff(i, wp, kp) - ff(i, w, k)) > 0) pr = pr/(ff(i, wp, 
    kp) - ff(i, w, k))
Browse[2]> 
debug at sir.r#41: if (abs(ff(i, wp, kp) - ff(i, w, k)) > 0) pr = pr/(ff(i, wp, 
    kp) - ff(i, w, k))
Browse[2]> 
debug at sir.r#41: pr = pr/(ff(i, wp, kp) - ff(i, w, k))
Browse[2]> 
debug at sir.r#41: if (abs(ff(i, wp, kp) - ff(i, w, k)) > 0) pr = pr/(ff(i, wp, 
    kp) - ff(i, w, k))
Browse[2]> 
debug at sir.r#41: pr = pr/(ff(i, wp, kp) - ff(i, w, k))
Browse[2]> 
debug at sir.r#41: if (abs(ff(i, wp, kp) - ff(i, w, k)) > 0) pr = pr/(ff(i, wp, 
    kp) - ff(i, w, k))
Browse[2]> 
debug at sir.r#41: pr = pr/(ff(i, wp, kp) - ff(i, w, k))
Browse[2]> 
debug at sir.r#39: for (kp in 0:(lw[w + 2] - lw[w + 1])) {
    if (abs(ff(i, wp, kp) - ff(i, w, k)) > 0) 
        pr = pr/(ff(i, wp, kp) - ff(i, w, k))
}
Browse[2]> 
debug at sir.r#41: if (abs(ff(i, wp, kp) - ff(i, w, k)) > 0) pr = pr/(ff(i, wp, 
    kp) - ff(i, w, k))
Browse[2]> c
debug at sir.r#39: for (kp in 0:(lw[w + 2] - lw[w + 1])) {
    if (abs(ff(i, wp, kp) - ff(i, w, k)) > 0) 
        pr = pr/(ff(i, wp, kp) - ff(i, w, k))
}
Browse[2]> pr
[1] 0.0004394531
Browse[2]> c
debug at sir.r#44: pr = pr/exp(ff(i, w, k) * t)
Browse[2]> c
debug at sir.r#36: for (k in 0:(lw[w + 2] - lw[w + 1])) {
    pr = 1
    for (wp in 0:(n - i)) for (kp in 0:(lw[w + 2] - lw[w + 1])) {
        if (abs(ff(i, wp, kp) - ff(i, w, k)) > 0) 
            pr = pr/(ff(i, wp, kp) - ff(i, w, k))
    }
    pr = pr/exp(ff(i, w, k) * t)
    smalls = smalls + pr
}
Browse[2]> c
debug at sir.r#47: for (w in 1:(n - i)) smalls = smalls * (lw[w + 1] - w + 1) * 
    f(i + w, lw[w + 1] - w)
Browse[2]> c
debug at sir.r#51: print(bigs)
Browse[2]> c
[1] 0.6946682
[1] -1.08254
[1] -0.7613392
[1] 0.120606
debug at sir.r#22: for (l in 0:(n + a - i)) {
    if (l < a) 
        tmp = (n + a - i - l) * log(mu) + sum(log((l + 1):a))
    else tmp = (n - i) * log(mu)
    count = start_count(n - i, l, n + a - i)
    bigs = 0
    while (!(is.na(count[1]))) {
        lw = rep(NA, n - i + 2)
        lw[1] = l
        lw[n - i + 2] = n + a - i
        lw[2:(n - i + 1)] = count
        ff <- function(i, w, k) {
            return(mu * (lw[w + 1] - w + k) + f(i + w, lw[w + 
                1] - w + k))
        }
        smalls = 0
        for (w in 0:(n - i)) for (k in 0:(lw[w + 2] - lw[w + 
            1])) {
            pr = 1
            for (wp in 0:(n - i)) for (kp in 0:(lw[w + 2] - lw[w + 
                1])) {
                if (abs(ff(i, wp, kp) - ff(i, w, k)) > 0) 
                  pr = pr/(ff(i, wp, kp) - ff(i, w, k))
            }
            pr = pr/exp(ff(i, w, k) * t)
            smalls = smalls + pr
        }
        for (w in 1:(n - i)) smalls = smalls * (lw[w + 1] - w + 
            1) * f(i + w, lw[w + 1] - w)
        bigs = bigs + smalls
        count = add_count(count, n - i, l, n + a - i)
    }
    print(bigs)
    tmp = tmp + log(bigs)
    p[i + 1, l + 1] = exp(tmp)
}
Browse[2]> c
[1] -0.2352274
[1] -0.2558815
[1] 0.1591895
debug at sir.r#55: return(p)
Browse[2]> n
exiting from: sir(t = 1, n = a0, a = N - a0, f = trans, mu = gamma)
Warning messages:
1: In log(bigs) : NaNs produced
2: In log(bigs) : NaNs produced
3: In log(bigs) : NaNs produced
4: In log(bigs) : NaNs produced
> source("sir.r")
> p0=sir(t=1,n=a0,a=N-a0,f=trans,mu=gamma)
[1] 0.5422892
[1] 0.3568248
[1] 0.2496401
[1] 0.120606
[1] 0.6488995
[1] 0.2988861
[1] 0.1591895
> p0
          [,1]      [,2]      [,3]     [,4]
[1,] 0.5422892 0.3568248 0.2496401 0.120606
[2,] 0.6488995 0.2988861 0.1591895 0.000000
[3,] 0.4866746 0.1888756 0.0000000 0.000000
> sum(p0)
[1] 3.051886
> source("sir.r")
> p0=sir(t=1,n=a0,a=N-a0,f=trans,mu=gamma)
[1] 0.004602903
[1] 0.003119708
[1] 0.002189016
[1] -0.06203768
[1] 0.05230428
[1] 0.02491504
[1] 0.01297102
Warning message:
In log(bigs) : NaNs produced
> source("sir.r")
> p0=sir(t=1,n=a0,a=N-a0,f=trans,mu=gamma)
[1] 0 2 3 3
[1] 0 3 3 3
[1] 0.6946682
[1] 1 2 3 3
[1] 1 3 3 3
[1] -1.08254
[1] 2 2 3 3
[1] 2 3 3 3
[1] -0.7613392
[1] 3 3 3 3
[1] 0.120606
[1] 0 2 2
[1] -0.2352274
[1] 1 2 2
[1] -0.2558815
[1] 2 2 2
[1] 0.1591895
Warning messages:
1: In log(bigs) : NaNs produced
2: In log(bigs) : NaNs produced
3: In log(bigs) : NaNs produced
4: In log(bigs) : NaNs produced
> source("sir.r")
> p0=sir(t=1,n=a0,a=N-a0,f=trans,mu=gamma)
[1] 0 2 3 3
[1] 0.9312715
[1] 0 3 3 3
[1] -0.2366033
[1] 1 2 3 3
[1] -0.5987681
[1] 1 3 3 3
[1] -0.4837717
[1] 2 2 3 3
[1] -1.045102
[1] 2 3 3 3
[1] 0.2837626
[1] 3 3 3 3
[1] 0.120606
[1] 0 2 2
[1] -0.2352274
[1] 1 2 2
[1] -0.2558815
[1] 2 2 2
[1] 0.1591895
Warning messages:
1: In log(bigs) : NaNs produced
2: In log(bigs) : NaNs produced
3: In log(bigs) : NaNs produced
4: In log(bigs) : NaNs produced
> source("sir.r")
> p0=sir(t=1,n=a0,a=N-a0,f=trans,mu=gamma)
[1] 0 2 3 3
[1] 1.04768
[1] 0 3 3 3
[1] -0.08872625
[1] 1 2 3 3
[1] -0.6736141
[1] 1 3 3 3
[1] -0.1814144
[1] 2 2 3 3
[1] -1.17574
[1] 2 3 3 3
[1] 0.106411
[1] 3 3 3 3
[1] 0.04522725
[1] 0 2 2
[1] -0.1764205
[1] 1 2 2
[1] -0.1919111
[1] 2 2 2
[1] 0.1193922
Warning messages:
1: In log(bigs) : NaNs produced
2: In log(bigs) : NaNs produced
3: In log(bigs) : NaNs produced
4: In log(bigs) : NaNs produced
> source("sir.r")
> p0=sir(t=1,n=a0,a=N-a0,f=trans,mu=gamma)
[1] 0 2 3 3
[1] 4.911087
[1] 0 3 3 3
[1] -0.2469184
[1] 1 2 3 3
[1] -3.455357
[1] 1 3 3 3
[1] -0.004326923
[1] 2 2 3 3
[1] -8.55
[1] 2 3 3 3
[1] -3.9375
[1] 3 3 3 3
[1] -1.110223e-16
[1] 0 2 2
[1] -1.000792
[1] 1 2 2
[1] -0.75
[1] 2 2 2
[1] 0
Warning messages:
1: In log(bigs) : NaNs produced
2: In log(bigs) : NaNs produced
3: In log(bigs) : NaNs produced
4: In log(bigs) : NaNs produced
5: In log(bigs) : NaNs produced
> source("sir.r")
> p0=sir(t=1,n=a0,a=N-a0,f=trans,mu=gamma)
[1] 0 2 3 3
[1] 4.911087
[1] 0.6
[1] 0 3 3 3
[1] -0.2469184
[1] 0.6
[1] 1 2 3 3
[1] -3.455357
[1] 0.6
[1] 1 3 3 3
[1] -0.004326923
[1] 0.6
[1] 2 2 3 3
[1] -8.55
[1] 0.6
[1] 2 3 3 3
[1] -3.9375
[1] 0.6
[1] 3 3 3 3
[1] -1.110223e-16
[1] 0.6
[1] 0 2 2
[1] -1.000792
[1] 0.6
[1] 1 2 2
[1] -0.75
[1] 0.6
[1] 2 2 2
[1] 0
[1] 0.6
Warning messages:
1: In log(bigs) : NaNs produced
2: In log(bigs) : NaNs produced
3: In log(bigs) : NaNs produced
4: In log(bigs) : NaNs produced
5: In log(bigs) : NaNs produced
> source("sir.r")
> p0=sir(t=1,n=a0,a=N-a0,f=trans,mu=gamma)
[1] "*****"
[1] 0
[1] 0
[1] 0 2 3 3
[1] 4.911087
[1] 0.6
[1] "*****"
[1] 0
[1] 0
[1] 0 3 3 3
[1] -0.2469184
[1] 0.6
[1] "*****"
[1] 0
[1] 1
[1] 1 2 3 3
[1] -3.455357
[1] 0.6
[1] "*****"
[1] 0
[1] 1
[1] 1 3 3 3
[1] -0.004326923
[1] 0.6
[1] "*****"
[1] 0
[1] 2
[1] 2 2 3 3
[1] -8.55
[1] 0.6
[1] "*****"
[1] 0
[1] 2
[1] 2 3 3 3
[1] -3.9375
[1] 0.6
[1] "*****"
[1] 0
[1] 3
[1] 3 3 3 3
[1] -1.110223e-16
[1] 0.6
[1] "*****"
[1] 1
[1] 0
[1] 0 2 2
[1] -1.000792
[1] 0.6
[1] "*****"
[1] 1
[1] 1
[1] 1 2 2
[1] -0.75
[1] 0.6
[1] "*****"
[1] 1
[1] 2
[1] 2 2 2
[1] 0
[1] 0.6
Warning messages:
1: In log(bigs) : NaNs produced
2: In log(bigs) : NaNs produced
3: In log(bigs) : NaNs produced
4: In log(bigs) : NaNs produced
5: In log(bigs) : NaNs produced
> source("sir.r")
> p0=sir(t=1,n=a0,a=N-a0,f=trans,mu=gamma)
[1] Inf
[1] 1
[1] 0.5
[1] 0.75
[1] 0.375
[1] 0.6
[1] "*****"
[1] 0
[1] 0
[1] 0 2 3 3
[1] 4.911087
[1] 0.6
[1] Inf
[1] 1
[1] 0.5
[1] 0.3333333
[1] 0.375
[1] 0.6
[1] "*****"
[1] 0
[1] 0
[1] 0 3 3 3
[1] -0.2469184
[1] 0.6
[1] 1
[1] 0.5
[1] 0.75
[1] 0.375
[1] 0.6
[1] "*****"
[1] 0
[1] 1
[1] 1 2 3 3
[1] -3.455357
[1] 0.6
[1] 1
[1] 0.5
[1] 0.3333333
[1] 0.375
[1] 0.6
[1] "*****"
[1] 0
[1] 1
[1] 1 3 3 3
[1] -0.004326923
[1] 0.6
[1] 0.5
[1] 0.75
[1] 0.375
[1] 0.6
[1] "*****"
[1] 0
[1] 2
[1] 2 2 3 3
[1] -8.55
[1] 0.6
[1] 0.5
[1] 0.3333333
[1] 0.375
[1] 0.6
[1] "*****"
[1] 0
[1] 2
[1] 2 3 3 3
[1] -3.9375
[1] 0.6
[1] 0.3333333
[1] 0.375
[1] 0.6
[1] "*****"
[1] 0
[1] 3
[1] 3 3 3 3
[1] -1.110223e-16
[1] 0.6
[1] Inf
[1] 0.75
[1] 0.375
[1] 0.6
[1] "*****"
[1] 1
[1] 0
[1] 0 2 2
[1] -1.000792
[1] 0.6
[1] 0.75
[1] 0.375
[1] 0.6
[1] "*****"
[1] 1
[1] 1
[1] 1 2 2
[1] -0.75
[1] 0.6
[1] 0.375
[1] 0.6
[1] "*****"
[1] 1
[1] 2
[1] 2 2 2
[1] 0
[1] 0.6
Warning messages:
1: In log(bigs) : NaNs produced
2: In log(bigs) : NaNs produced
3: In log(bigs) : NaNs produced
4: In log(bigs) : NaNs produced
5: In log(bigs) : NaNs produced
> source("sir.r")
> p0=sir(t=1,n=a0,a=N-a0,f=trans,mu=gamma)
[1] Inf
[1] 0
[1] 1
[1] 1
[1] 0.5
[1] 2
[1] 0.75
[1] 1.333333
[1] 0.375
[1] 2.666667
[1] 0.6
[1] 1.666667
[1] "*****"
[1] 0
[1] 0
[1] 0 2 3 3
[1] 4.911087
[1] 0.6
[1] Inf
[1] 0
[1] 1
[1] 1
[1] 0.5
[1] 2
[1] 0.3333333
[1] 3
[1] 0.375
[1] 2.666667
[1] 0.6
[1] 1.666667
[1] "*****"
[1] 0
[1] 0
[1] 0 3 3 3
[1] -0.2469184
[1] 0.6
[1] 1
[1] 1
[1] 0.5
[1] 2
[1] 0.75
[1] 1.333333
[1] 0.375
[1] 2.666667
[1] 0.6
[1] 1.666667
[1] "*****"
[1] 0
[1] 1
[1] 1 2 3 3
[1] -3.455357
[1] 0.6
[1] 1
[1] 1
[1] 0.5
[1] 2
[1] 0.3333333
[1] 3
[1] 0.375
[1] 2.666667
[1] 0.6
[1] 1.666667
[1] "*****"
[1] 0
[1] 1
[1] 1 3 3 3
[1] -0.004326923
[1] 0.6
[1] 0.5
[1] 2
[1] 0.75
[1] 1.333333
[1] 0.375
[1] 2.666667
[1] 0.6
[1] 1.666667
[1] "*****"
[1] 0
[1] 2
[1] 2 2 3 3
[1] -8.55
[1] 0.6
[1] 0.5
[1] 2
[1] 0.3333333
[1] 3
[1] 0.375
[1] 2.666667
[1] 0.6
[1] 1.666667
[1] "*****"
[1] 0
[1] 2
[1] 2 3 3 3
[1] -3.9375
[1] 0.6
[1] 0.3333333
[1] 3
[1] 0.375
[1] 2.666667
[1] 0.6
[1] 1.666667
[1] "*****"
[1] 0
[1] 3
[1] 3 3 3 3
[1] -1.110223e-16
[1] 0.6
[1] Inf
[1] 0
[1] 0.75
[1] 1.333333
[1] 0.375
[1] 2.666667
[1] 0.6
[1] 1.666667
[1] "*****"
[1] 1
[1] 0
[1] 0 2 2
[1] -1.000792
[1] 0.6
[1] 0.75
[1] 1.333333
[1] 0.375
[1] 2.666667
[1] 0.6
[1] 1.666667
[1] "*****"
[1] 1
[1] 1
[1] 1 2 2
[1] -0.75
[1] 0.6
[1] 0.375
[1] 2.666667
[1] 0.6
[1] 1.666667
[1] "*****"
[1] 1
[1] 2
[1] 2 2 2
[1] 0
[1] 0.6
Warning messages:
1: In log(bigs) : NaNs produced
2: In log(bigs) : NaNs produced
3: In log(bigs) : NaNs produced
4: In log(bigs) : NaNs produced
5: In log(bigs) : NaNs produced
> source("sir.r")
> p0=sir(t=1,n=a0,a=N-a0,f=trans,mu=gamma)
[1] Inf
[1] 0
[1] 0
[1] 0
[1] 0
[1] 1
[1] 1
[1] 0
[1] 0
[1] 1
[1] 0.5
[1] 2
[1] 0
[1] 0
[1] 2
[1] 0.75
[1] 1.333333
[1] 0
[1] 1
[1] 0
[1] 0.375
[1] 2.666667
[1] 0
[1] 1
[1] 1
[1] 0.6
[1] 1.666667
[1] 0
[1] 2
[1] 0
[1] "*****"
[1] 4.911087
[1] 0.6
[1] Inf
[1] 0
[1] 0
[1] 0
[1] 0
[1] 1
[1] 1
[1] 0
[1] 0
[1] 1
[1] 0.5
[1] 2
[1] 0
[1] 0
[1] 2
[1] 0.3333333
[1] 3
[1] 0
[1] 0
[1] 3
[1] 0.375
[1] 2.666667
[1] 0
[1] 1
[1] 0
[1] 0.6
[1] 1.666667
[1] 0
[1] 2
[1] 0
[1] "*****"
[1] -0.2469184
[1] 0.6
[1] 1
[1] 1
[1] 0
[1] 0
[1] 0
[1] 0.5
[1] 2
[1] 0
[1] 0
[1] 1
[1] 0.75
[1] 1.333333
[1] 0
[1] 1
[1] 0
[1] 0.375
[1] 2.666667
[1] 0
[1] 1
[1] 1
[1] 0.6
[1] 1.666667
[1] 0
[1] 2
[1] 0
[1] "*****"
[1] -3.455357
[1] 0.6
[1] 1
[1] 1
[1] 0
[1] 0
[1] 0
[1] 0.5
[1] 2
[1] 0
[1] 0
[1] 1
[1] 0.3333333
[1] 3
[1] 0
[1] 0
[1] 2
[1] 0.375
[1] 2.666667
[1] 0
[1] 1
[1] 0
[1] 0.6
[1] 1.666667
[1] 0
[1] 2
[1] 0
[1] "*****"
[1] -0.004326923
[1] 0.6
[1] 0.5
[1] 2
[1] 0
[1] 0
[1] 0
[1] 0.75
[1] 1.333333
[1] 0
[1] 1
[1] 0
[1] 0.375
[1] 2.666667
[1] 0
[1] 1
[1] 1
[1] 0.6
[1] 1.666667
[1] 0
[1] 2
[1] 0
[1] "*****"
[1] -8.55
[1] 0.6
[1] 0.5
[1] 2
[1] 0
[1] 0
[1] 0
[1] 0.3333333
[1] 3
[1] 0
[1] 0
[1] 1
[1] 0.375
[1] 2.666667
[1] 0
[1] 1
[1] 0
[1] 0.6
[1] 1.666667
[1] 0
[1] 2
[1] 0
[1] "*****"
[1] -3.9375
[1] 0.6
[1] 0.3333333
[1] 3
[1] 0
[1] 0
[1] 0
[1] 0.375
[1] 2.666667
[1] 0
[1] 1
[1] 0
[1] 0.6
[1] 1.666667
[1] 0
[1] 2
[1] 0
[1] "*****"
[1] -1.110223e-16
[1] 0.6
[1] Inf
[1] 0
[1] 1
[1] 0
[1] 0
[1] 0.75
[1] 1.333333
[1] 1
[1] 0
[1] 1
[1] 0.375
[1] 2.666667
[1] 1
[1] 0
[1] 2
[1] 0.6
[1] 1.666667
[1] 1
[1] 1
[1] 0
[1] "*****"
[1] -1.000792
[1] 0.6
[1] 0.75
[1] 1.333333
[1] 1
[1] 0
[1] 0
[1] 0.375
[1] 2.666667
[1] 1
[1] 0
[1] 1
[1] 0.6
[1] 1.666667
[1] 1
[1] 1
[1] 0
[1] "*****"
[1] -0.75
[1] 0.6
[1] 0.375
[1] 2.666667
[1] 1
[1] 0
[1] 0
[1] 0.6
[1] 1.666667
[1] 1
[1] 1
[1] 0
[1] "*****"
[1] 0
[1] 0.6
Warning messages:
1: In log(bigs) : NaNs produced
2: In log(bigs) : NaNs produced
3: In log(bigs) : NaNs produced
4: In log(bigs) : NaNs produced
5: In log(bigs) : NaNs produced
> source("sir.r")
> p0=sir(t=1,n=a0,a=N-a0,f=trans,mu=gamma)
[1] Inf
[1] 0
[1] 0
[1] 0
[1] 0
[1] 0 2 3 3
[1] 1
[1] 1
[1] 0
[1] 0
[1] 1
[1] 0 2 3 3
[1] 0.5
[1] 2
[1] 0
[1] 0
[1] 2
[1] 0 2 3 3
[1] 0.75
[1] 1.333333
[1] 0
[1] 1
[1] 0
[1] 0 2 3 3
[1] 0.375
[1] 2.666667
[1] 0
[1] 1
[1] 1
[1] 0 2 3 3
[1] 0.6
[1] 1.666667
[1] 0
[1] 2
[1] 0
[1] 0 2 3 3
[1] "*****"
[1] Inf
[1] 0
[1] 0
[1] 0
[1] 0
[1] 0 3 3 3
[1] 1
[1] 1
[1] 0
[1] 0
[1] 1
[1] 0 3 3 3
[1] 0.5
[1] 2
[1] 0
[1] 0
[1] 2
[1] 0 3 3 3
[1] 0.3333333
[1] 3
[1] 0
[1] 0
[1] 3
[1] 0 3 3 3
[1] 0.375
[1] 2.666667
[1] 0
[1] 1
[1] 0
[1] 0 3 3 3
[1] 0.6
[1] 1.666667
[1] 0
[1] 2
[1] 0
[1] 0 3 3 3
[1] "*****"
[1] 1
[1] 1
[1] 0
[1] 0
[1] 0
[1] 1 2 3 3
[1] 0.5
[1] 2
[1] 0
[1] 0
[1] 1
[1] 1 2 3 3
[1] 0.75
[1] 1.333333
[1] 0
[1] 1
[1] 0
[1] 1 2 3 3
[1] 0.375
[1] 2.666667
[1] 0
[1] 1
[1] 1
[1] 1 2 3 3
[1] 0.6
[1] 1.666667
[1] 0
[1] 2
[1] 0
[1] 1 2 3 3
[1] "*****"
[1] 1
[1] 1
[1] 0
[1] 0
[1] 0
[1] 1 3 3 3
[1] 0.5
[1] 2
[1] 0
[1] 0
[1] 1
[1] 1 3 3 3
[1] 0.3333333
[1] 3
[1] 0
[1] 0
[1] 2
[1] 1 3 3 3
[1] 0.375
[1] 2.666667
[1] 0
[1] 1
[1] 0
[1] 1 3 3 3
[1] 0.6
[1] 1.666667
[1] 0
[1] 2
[1] 0
[1] 1 3 3 3
[1] "*****"
[1] 0.5
[1] 2
[1] 0
[1] 0
[1] 0
[1] 2 2 3 3
[1] 0.75
[1] 1.333333
[1] 0
[1] 1
[1] 0
[1] 2 2 3 3
[1] 0.375
[1] 2.666667
[1] 0
[1] 1
[1] 1
[1] 2 2 3 3
[1] 0.6
[1] 1.666667
[1] 0
[1] 2
[1] 0
[1] 2 2 3 3
[1] "*****"
[1] 0.5
[1] 2
[1] 0
[1] 0
[1] 0
[1] 2 3 3 3
[1] 0.3333333
[1] 3
[1] 0
[1] 0
[1] 1
[1] 2 3 3 3
[1] 0.375
[1] 2.666667
[1] 0
[1] 1
[1] 0
[1] 2 3 3 3
[1] 0.6
[1] 1.666667
[1] 0
[1] 2
[1] 0
[1] 2 3 3 3
[1] "*****"
[1] 0.3333333
[1] 3
[1] 0
[1] 0
[1] 0
[1] 3 3 3 3
[1] 0.375
[1] 2.666667
[1] 0
[1] 1
[1] 0
[1] 3 3 3 3
[1] 0.6
[1] 1.666667
[1] 0
[1] 2
[1] 0
[1] 3 3 3 3
[1] "*****"
[1] Inf
[1] 0
[1] 1
[1] 0
[1] 0
[1] 0 2 2
[1] 0.75
[1] 1.333333
[1] 1
[1] 0
[1] 1
[1] 0 2 2
[1] 0.375
[1] 2.666667
[1] 1
[1] 0
[1] 2
[1] 0 2 2
[1] 0.6
[1] 1.666667
[1] 1
[1] 1
[1] 0
[1] 0 2 2
[1] "*****"
[1] 0.75
[1] 1.333333
[1] 1
[1] 0
[1] 0
[1] 1 2 2
[1] 0.375
[1] 2.666667
[1] 1
[1] 0
[1] 1
[1] 1 2 2
[1] 0.6
[1] 1.666667
[1] 1
[1] 1
[1] 0
[1] 1 2 2
[1] "*****"
[1] 0.375
[1] 2.666667
[1] 1
[1] 0
[1] 0
[1] 2 2 2
[1] 0.6
[1] 1.666667
[1] 1
[1] 1
[1] 0
[1] 2 2 2
[1] "*****"
Warning messages:
1: In log(bigs) : NaNs produced
2: In log(bigs) : NaNs produced
3: In log(bigs) : NaNs produced
4: In log(bigs) : NaNs produced
5: In log(bigs) : NaNs produced
> source("sir.r")
> p0=sir(t=1,n=a0,a=N-a0,f=trans,mu=gamma)
[1] 1
[1] 0
[1] 0
[1] 0
[1] 0
[1] 0 2 3 3
[1] 1
[1] 1
[1] 0
[1] 0
[1] 1
[1] 0 2 3 3
[1] 0.5
[1] 2
[1] 0
[1] 0
[1] 2
[1] 0 2 3 3
[1] 0.375
[1] 1.333333
[1] 0
[1] 1
[1] 0
[1] 0 2 3 3
[1] 0.140625
[1] 2.666667
[1] 0
[1] 1
[1] 1
[1] 0 2 3 3
[1] 0.084375
[1] 1.666667
[1] 0
[1] 2
[1] 0
[1] 0 2 3 3
[1] "*****"
[1] 1
[1] 0
[1] 0
[1] 0
[1] 0
[1] 0 3 3 3
[1] 1
[1] 1
[1] 0
[1] 0
[1] 1
[1] 0 3 3 3
[1] 0.5
[1] 2
[1] 0
[1] 0
[1] 2
[1] 0 3 3 3
[1] 0.1666667
[1] 3
[1] 0
[1] 0
[1] 3
[1] 0 3 3 3
[1] 0.0625
[1] 2.666667
[1] 0
[1] 1
[1] 0
[1] 0 3 3 3
[1] 0.0375
[1] 1.666667
[1] 0
[1] 2
[1] 0
[1] 0 3 3 3
[1] "*****"
[1] 1
[1] 1
[1] 0
[1] 0
[1] 0
[1] 1 2 3 3
[1] 0.5
[1] 2
[1] 0
[1] 0
[1] 1
[1] 1 2 3 3
[1] 0.375
[1] 1.333333
[1] 0
[1] 1
[1] 0
[1] 1 2 3 3
[1] 0.140625
[1] 2.666667
[1] 0
[1] 1
[1] 1
[1] 1 2 3 3
[1] 0.084375
[1] 1.666667
[1] 0
[1] 2
[1] 0
[1] 1 2 3 3
[1] "*****"
[1] 1
[1] 1
[1] 0
[1] 0
[1] 0
[1] 1 3 3 3
[1] 0.5
[1] 2
[1] 0
[1] 0
[1] 1
[1] 1 3 3 3
[1] 0.1666667
[1] 3
[1] 0
[1] 0
[1] 2
[1] 1 3 3 3
[1] 0.0625
[1] 2.666667
[1] 0
[1] 1
[1] 0
[1] 1 3 3 3
[1] 0.0375
[1] 1.666667
[1] 0
[1] 2
[1] 0
[1] 1 3 3 3
[1] "*****"
[1] 0.5
[1] 2
[1] 0
[1] 0
[1] 0
[1] 2 2 3 3
[1] 0.375
[1] 1.333333
[1] 0
[1] 1
[1] 0
[1] 2 2 3 3
[1] 0.140625
[1] 2.666667
[1] 0
[1] 1
[1] 1
[1] 2 2 3 3
[1] 0.084375
[1] 1.666667
[1] 0
[1] 2
[1] 0
[1] 2 2 3 3
[1] "*****"
[1] 0.5
[1] 2
[1] 0
[1] 0
[1] 0
[1] 2 3 3 3
[1] 0.1666667
[1] 3
[1] 0
[1] 0
[1] 1
[1] 2 3 3 3
[1] 0.0625
[1] 2.666667
[1] 0
[1] 1
[1] 0
[1] 2 3 3 3
[1] 0.0375
[1] 1.666667
[1] 0
[1] 2
[1] 0
[1] 2 3 3 3
[1] "*****"
[1] 0.3333333
[1] 3
[1] 0
[1] 0
[1] 0
[1] 3 3 3 3
[1] 0.125
[1] 2.666667
[1] 0
[1] 1
[1] 0
[1] 3 3 3 3
[1] 0.075
[1] 1.666667
[1] 0
[1] 2
[1] 0
[1] 3 3 3 3
[1] "*****"
[1] 1
[1] 0
[1] 1
[1] 0
[1] 0
[1] 0 2 2
[1] 0.75
[1] 1.333333
[1] 1
[1] 0
[1] 1
[1] 0 2 2
[1] 0.28125
[1] 2.666667
[1] 1
[1] 0
[1] 2
[1] 0 2 2
[1] 0.16875
[1] 1.666667
[1] 1
[1] 1
[1] 0
[1] 0 2 2
[1] "*****"
[1] 0.75
[1] 1.333333
[1] 1
[1] 0
[1] 0
[1] 1 2 2
[1] 0.28125
[1] 2.666667
[1] 1
[1] 0
[1] 1
[1] 1 2 2
[1] 0.16875
[1] 1.666667
[1] 1
[1] 1
[1] 0
[1] 1 2 2
[1] "*****"
[1] 0.375
[1] 2.666667
[1] 1
[1] 0
[1] 0
[1] 2 2 2
[1] 0.225
[1] 1.666667
[1] 1
[1] 1
[1] 0
[1] 2 2 2
[1] "*****"
Warning messages:
1: In log(bigs) : NaNs produced
2: In log(bigs) : NaNs produced
3: In log(bigs) : NaNs produced
4: In log(bigs) : NaNs produced
5: In log(bigs) : NaNs produced
> source("sir.r")
> p0=sir(t=1,n=a0,a=N-a0,f=trans,mu=gamma)
[1] "*****"
[1] 0 2 3 3
[1] 4.911087
[1] 0.084375
[1] "*****"
[1] 0 3 3 3
[1] -0.2469184
[1] 0.0375
[1] "*****"
[1] 1 2 3 3
[1] -3.455357
[1] 0.084375
[1] "*****"
[1] 1 3 3 3
[1] -0.004326923
[1] 0.0375
[1] "*****"
[1] 2 2 3 3
[1] -8.55
[1] 0.084375
[1] "*****"
[1] 2 3 3 3
[1] -3.9375
[1] 0.0375
[1] "*****"
[1] 3 3 3 3
[1] -1.110223e-16
[1] 0.075
[1] "*****"
[1] 0 2 2
[1] -1.000792
[1] 0.16875
[1] "*****"
[1] 1 2 2
[1] -0.75
[1] 0.16875
[1] "*****"
[1] 2 2 2
[1] 0
[1] 0.225
Warning messages:
1: In log(bigs) : NaNs produced
2: In log(bigs) : NaNs produced
3: In log(bigs) : NaNs produced
4: In log(bigs) : NaNs produced
5: In log(bigs) : NaNs produced
> source("sir.r")
> p0=sir(t=1,n=a0,a=N-a0,f=trans,mu=gamma)
[1] "*****"
[1] 0 2 3 3
[1] 1.922532
[1] 0.007305195
[1] "*****"
[1] 0 3 3 3
[1] -0.1285568
[1] 0.004261364
[1] "*****"
[1] 1 2 3 3
[1] -1.314935
[1] 0.007305195
[1] "*****"
[1] 1 3 3 3
[1] -0.1599557
[1] 0.004261364
[1] "*****"
[1] 2 2 3 3
[1] -2.821753
[1] 0.01461039
[1] "*****"
[1] 2 3 3 3
[1] -0.7159091
[1] 0.008522727
[1] "*****"
[1] 3 3 3 3
[1] 0.02556818
[1] 0.02556818
[1] "*****"
[1] 0 2 2
[1] -0.3628052
[1] 0.04383117
[1] "*****"
[1] 1 2 2
[1] -0.336039
[1] 0.04383117
[1] "*****"
[1] 2 2 2
[1] 0.1022727
[1] 0.1022727
Warning messages:
1: In log(bigs) : NaNs produced
2: In log(bigs) : NaNs produced
3: In log(bigs) : NaNs produced
4: In log(bigs) : NaNs produced
> source("sir.r")
> p0=sir(t=1,n=a0,a=N-a0,f=trans,mu=gamma)
[1] 0 0
[1] 0 0
[1] 0 0
[1] 0 1
[1] 0 1
[1] 0 2
[1] "*****"
[1] 0 2 3 3
[1] 1.922532
[1] 0.007305195
[1] 0 0
[1] 0 0
[1] 0 0
[1] 0 0
[1] 0 1
[1] 0 2
[1] "*****"
[1] 0 3 3 3
[1] -0.1285568
[1] 0.004261364
[1] 0 0
[1] 0 0
[1] 0 1
[1] 0 1
[1] 0 2
[1] "*****"
[1] 1 2 3 3
[1] -1.314935
[1] 0.007305195
[1] 0 0
[1] 0 0
[1] 0 0
[1] 0 1
[1] 0 2
[1] "*****"
[1] 1 3 3 3
[1] -0.1599557
[1] 0.004261364
[1] 0 0
[1] 0 1
[1] 0 1
[1] 0 2
[1] "*****"
[1] 2 2 3 3
[1] -2.821753
[1] 0.01461039
[1] 0 0
[1] 0 0
[1] 0 1
[1] 0 2
[1] "*****"
[1] 2 3 3 3
[1] -0.7159091
[1] 0.008522727
[1] 0 0
[1] 0 1
[1] 0 2
[1] "*****"
[1] 3 3 3 3
[1] 0.02556818
[1] 0.02556818
[1] 1 0
[1] 1 0
[1] 1 0
[1] 1 1
[1] "*****"
[1] 0 2 2
[1] -0.3628052
[1] 0.04383117
[1] 1 0
[1] 1 0
[1] 1 1
[1] "*****"
[1] 1 2 2
[1] -0.336039
[1] 0.04383117
[1] 1 0
[1] 1 1
[1] "*****"
[1] 2 2 2
[1] 0.1022727
[1] 0.1022727
Warning messages:
1: In log(bigs) : NaNs produced
2: In log(bigs) : NaNs produced
3: In log(bigs) : NaNs produced
4: In log(bigs) : NaNs produced
> source("sir.r")
> p0=sir(t=1,n=a0,a=N-a0,f=trans,mu=gamma)
[1] 0 0 0
[1] 0 0 1
[1] 0 0 2
[1] 0 1 0
[1] 0 1 1
[1] 0 2 0
[1] "*****"
[1] 0 2 3 3
[1] 1.922532
[1] 0.007305195
[1] 0 0 0
[1] 0 0 1
[1] 0 0 2
[1] 0 0 3
[1] 0 1 0
[1] 0 2 0
[1] "*****"
[1] 0 3 3 3
[1] -0.1285568
[1] 0.004261364
[1] 0 0 0
[1] 0 0 1
[1] 0 1 0
[1] 0 1 1
[1] 0 2 0
[1] "*****"
[1] 1 2 3 3
[1] -1.314935
[1] 0.007305195
[1] 0 0 0
[1] 0 0 1
[1] 0 0 2
[1] 0 1 0
[1] 0 2 0
[1] "*****"
[1] 1 3 3 3
[1] -0.1599557
[1] 0.004261364
[1] 0 0 0
[1] 0 1 0
[1] 0 1 1
[1] 0 2 0
[1] "*****"
[1] 2 2 3 3
[1] -2.821753
[1] 0.01461039
[1] 0 0 0
[1] 0 0 1
[1] 0 1 0
[1] 0 2 0
[1] "*****"
[1] 2 3 3 3
[1] -0.7159091
[1] 0.008522727
[1] 0 0 0
[1] 0 1 0
[1] 0 2 0
[1] "*****"
[1] 3 3 3 3
[1] 0.02556818
[1] 0.02556818
[1] 1 0 0
[1] 1 0 1
[1] 1 0 2
[1] 1 1 0
[1] "*****"
[1] 0 2 2
[1] -0.3628052
[1] 0.04383117
[1] 1 0 0
[1] 1 0 1
[1] 1 1 0
[1] "*****"
[1] 1 2 2
[1] -0.336039
[1] 0.04383117
[1] 1 0 0
[1] 1 1 0
[1] "*****"
[1] 2 2 2
[1] 0.1022727
[1] 0.1022727
Warning messages:
1: In log(bigs) : NaNs produced
2: In log(bigs) : NaNs produced
3: In log(bigs) : NaNs produced
4: In log(bigs) : NaNs produced
> source("sir.r")
> p0=sir(t=1,n=a0,a=N-a0,f=trans,mu=gamma)
[1] 0 0 0
[1] 0 0 1
[1] 0 0 2
[1] 0 1 0
[1] 0 1 1
[1] 0 2 0
[1] 0 2 3 3
[1] 1.922532
[1] 0.007305195
[1] "*****"
[1] 0 0 0
[1] 0 0 1
[1] 0 0 2
[1] 0 0 3
[1] 0 1 0
[1] 0 2 0
[1] 0 3 3 3
[1] -0.1285568
[1] 0.004261364
[1] "*****"
[1] 0 0 0
[1] 0 0 1
[1] 0 1 0
[1] 0 1 1
[1] 0 2 0
[1] 1 2 3 3
[1] -1.314935
[1] 0.007305195
[1] "*****"
[1] 0 0 0
[1] 0 0 1
[1] 0 0 2
[1] 0 1 0
[1] 0 2 0
[1] 1 3 3 3
[1] -0.1599557
[1] 0.004261364
[1] "*****"
[1] 0 0 0
[1] 0 1 0
[1] 0 1 1
[1] 0 2 0
[1] 2 2 3 3
[1] -2.821753
[1] 0.01461039
[1] "*****"
[1] 0 0 0
[1] 0 0 1
[1] 0 1 0
[1] 0 2 0
[1] 2 3 3 3
[1] -0.7159091
[1] 0.008522727
[1] "*****"
[1] 0 0 0
[1] 0 1 0
[1] 0 2 0
[1] 3 3 3 3
[1] 0.02556818
[1] 0.02556818
[1] "*****"
[1] 1 0 0
[1] 1 0 1
[1] 1 0 2
[1] 1 1 0
[1] 0 2 2
[1] -0.3628052
[1] 0.04383117
[1] "*****"
[1] 1 0 0
[1] 1 0 1
[1] 1 1 0
[1] 1 2 2
[1] -0.336039
[1] 0.04383117
[1] "*****"
[1] 1 0 0
[1] 1 1 0
[1] 2 2 2
[1] 0.1022727
[1] 0.1022727
[1] "*****"
Warning messages:
1: In log(bigs) : NaNs produced
2: In log(bigs) : NaNs produced
3: In log(bigs) : NaNs produced
4: In log(bigs) : NaNs produced
> source("sir.r")
Error in source("sir.r") : sir.r:44:82: unexpected '}'
43:                                                         #for (kp in 0:1) {
44:                                                                 if ((abs(w-wp)>0)}
                                                                                     ^
> p0=sir(t=1,n=a0,a=N-a0,f=trans,mu=gamma)
[1] 0 0 0
[1] 0 0 1
[1] 0 0 2
[1] 0 1 0
[1] 0 1 1
[1] 0 2 0
[1] 0 2 3 3
[1] 1.922532
[1] 0.007305195
[1] "*****"
[1] 0 0 0
[1] 0 0 1
[1] 0 0 2
[1] 0 0 3
[1] 0 1 0
[1] 0 2 0
[1] 0 3 3 3
[1] -0.1285568
[1] 0.004261364
[1] "*****"
[1] 0 0 0
[1] 0 0 1
[1] 0 1 0
[1] 0 1 1
[1] 0 2 0
[1] 1 2 3 3
[1] -1.314935
[1] 0.007305195
[1] "*****"
[1] 0 0 0
[1] 0 0 1
[1] 0 0 2
[1] 0 1 0
[1] 0 2 0
[1] 1 3 3 3
[1] -0.1599557
[1] 0.004261364
[1] "*****"
[1] 0 0 0
[1] 0 1 0
[1] 0 1 1
[1] 0 2 0
[1] 2 2 3 3
[1] -2.821753
[1] 0.01461039
[1] "*****"
[1] 0 0 0
[1] 0 0 1
[1] 0 1 0
[1] 0 2 0
[1] 2 3 3 3
[1] -0.7159091
[1] 0.008522727
[1] "*****"
[1] 0 0 0
[1] 0 1 0
[1] 0 2 0
[1] 3 3 3 3
[1] 0.02556818
[1] 0.02556818
[1] "*****"
[1] 1 0 0
[1] 1 0 1
[1] 1 0 2
[1] 1 1 0
[1] 0 2 2
[1] -0.3628052
[1] 0.04383117
[1] "*****"
[1] 1 0 0
[1] 1 0 1
[1] 1 1 0
[1] 1 2 2
[1] -0.336039
[1] 0.04383117
[1] "*****"
[1] 1 0 0
[1] 1 1 0
[1] 2 2 2
[1] 0.1022727
[1] 0.1022727
[1] "*****"
Warning messages:
1: In log(bigs) : NaNs produced
2: In log(bigs) : NaNs produced
3: In log(bigs) : NaNs produced
4: In log(bigs) : NaNs produced
> source("sir.r")
Error in source("sir.r") : sir.r:44:82: unexpected '}'
43:                                                         #for (kp in 0:1) {
44:                                                                 if ((abs(w-wp)>0)}
                                                                                     ^
> p0=sir(t=1,n=a0,a=N-a0,f=trans,mu=gamma)
[1] 0 0 0
[1] 0 0 1
[1] 0 0 2
[1] 0 1 0
[1] 0 1 1
[1] 0 2 0
[1] 0 2 3 3
[1] 1.922532
[1] 0.007305195
[1] "*****"
[1] 0 0 0
[1] 0 0 1
[1] 0 0 2
[1] 0 0 3
[1] 0 1 0
[1] 0 2 0
[1] 0 3 3 3
[1] -0.1285568
[1] 0.004261364
[1] "*****"
[1] 0 0 0
[1] 0 0 1
[1] 0 1 0
[1] 0 1 1
[1] 0 2 0
[1] 1 2 3 3
[1] -1.314935
[1] 0.007305195
[1] "*****"
[1] 0 0 0
[1] 0 0 1
[1] 0 0 2
[1] 0 1 0
[1] 0 2 0
[1] 1 3 3 3
[1] -0.1599557
[1] 0.004261364
[1] "*****"
[1] 0 0 0
[1] 0 1 0
[1] 0 1 1
[1] 0 2 0
[1] 2 2 3 3
[1] -2.821753
[1] 0.01461039
[1] "*****"
[1] 0 0 0
[1] 0 0 1
[1] 0 1 0
[1] 0 2 0
[1] 2 3 3 3
[1] -0.7159091
[1] 0.008522727
[1] "*****"
[1] 0 0 0
[1] 0 1 0
[1] 0 2 0
[1] 3 3 3 3
[1] 0.02556818
[1] 0.02556818
[1] "*****"
[1] 1 0 0
[1] 1 0 1
[1] 1 0 2
[1] 1 1 0
[1] 0 2 2
[1] -0.3628052
[1] 0.04383117
[1] "*****"
[1] 1 0 0
[1] 1 0 1
[1] 1 1 0
[1] 1 2 2
[1] -0.336039
[1] 0.04383117
[1] "*****"
[1] 1 0 0
[1] 1 1 0
[1] 2 2 2
[1] 0.1022727
[1] 0.1022727
[1] "*****"
Warning messages:
1: In log(bigs) : NaNs produced
2: In log(bigs) : NaNs produced
3: In log(bigs) : NaNs produced
4: In log(bigs) : NaNs produced
> source("sir.r")
Error in source("sir.r") : sir.r:44:82: unexpected '}'
43:                                                         #for (kp in 0:1) {
44:                                                                 if ((abs(w-wp)>0)}
                                                                                     ^
> p0=sir(t=1,n=a0,a=N-a0,f=trans,mu=gamma)
[1] 0 0 0
[1] 0 0 1
[1] 0 0 2
[1] 0 1 0
[1] 0 1 1
[1] 0 2 0
[1] 0 2 3 3
[1] 1.922532
[1] 0.007305195
[1] "*****"
[1] 0 0 0
[1] 0 0 1
[1] 0 0 2
[1] 0 0 3
[1] 0 1 0
[1] 0 2 0
[1] 0 3 3 3
[1] -0.1285568
[1] 0.004261364
[1] "*****"
[1] 0 0 0
[1] 0 0 1
[1] 0 1 0
[1] 0 1 1
[1] 0 2 0
[1] 1 2 3 3
[1] -1.314935
[1] 0.007305195
[1] "*****"
[1] 0 0 0
[1] 0 0 1
[1] 0 0 2
[1] 0 1 0
[1] 0 2 0
[1] 1 3 3 3
[1] -0.1599557
[1] 0.004261364
[1] "*****"
[1] 0 0 0
[1] 0 1 0
[1] 0 1 1
[1] 0 2 0
[1] 2 2 3 3
[1] -2.821753
[1] 0.01461039
[1] "*****"
[1] 0 0 0
[1] 0 0 1
[1] 0 1 0
[1] 0 2 0
[1] 2 3 3 3
[1] -0.7159091
[1] 0.008522727
[1] "*****"
[1] 0 0 0
[1] 0 1 0
[1] 0 2 0
[1] 3 3 3 3
[1] 0.02556818
[1] 0.02556818
[1] "*****"
[1] 1 0 0
[1] 1 0 1
[1] 1 0 2
[1] 1 1 0
[1] 0 2 2
[1] -0.3628052
[1] 0.04383117
[1] "*****"
[1] 1 0 0
[1] 1 0 1
[1] 1 1 0
[1] 1 2 2
[1] -0.336039
[1] 0.04383117
[1] "*****"
[1] 1 0 0
[1] 1 1 0
[1] 2 2 2
[1] 0.1022727
[1] 0.1022727
[1] "*****"
Warning messages:
1: In log(bigs) : NaNs produced
2: In log(bigs) : NaNs produced
3: In log(bigs) : NaNs produced
4: In log(bigs) : NaNs produced
> source("sir.r")
> p0=sir(t=1,n=a0,a=N-a0,f=trans,mu=gamma)
[1] "--"
[1] 0 1
[1] "--"
[1] 0 2
[1] "--"
[1] 1 0
[1] "--"
[1] 1 1
[1] "--"
[1] 1 2
[1] "--"
[1] 2 0
[1] "--"
[1] 2 1
[1] "--"
[1] 2 2
[1] 0 0 0
[1] "--"
[1] 0 0
[1] "--"
[1] 0 2
[1] "--"
[1] 1 0
[1] "--"
[1] 1 1
[1] "--"
[1] 1 2
[1] "--"
[1] 2 0
[1] "--"
[1] 2 1
[1] "--"
[1] 2 2
[1] 0 0 1
[1] "--"
[1] 0 0
[1] "--"
[1] 0 1
[1] "--"
[1] 1 0
[1] "--"
[1] 1 1
[1] "--"
[1] 1 2
[1] "--"
[1] 2 0
[1] "--"
[1] 2 1
[1] "--"
[1] 2 2
[1] 0 0 2
[1] "--"
[1] 0 0
[1] "--"
[1] 0 1
[1] "--"
[1] 1 1
[1] "--"
[1] 2 0
[1] "--"
[1] 2 1
[1] 0 1 0
[1] "--"
[1] 0 0
[1] "--"
[1] 0 1
[1] "--"
[1] 1 0
[1] "--"
[1] 2 0
[1] "--"
[1] 2 1
[1] 0 1 1
[1] "--"
[1] 0 0
[1] "--"
[1] 1 0
[1] 0 2 0
[1] 0 2 3 3
[1] 1.922532
[1] 0.007305195
[1] "*****"
[1] "--"
[1] 0 1
[1] "--"
[1] 0 2
[1] "--"
[1] 0 3
[1] "--"
[1] 1 0
[1] "--"
[1] 1 1
[1] "--"
[1] 1 2
[1] "--"
[1] 1 3
[1] "--"
[1] 2 0
[1] "--"
[1] 2 1
[1] "--"
[1] 2 2
[1] "--"
[1] 2 3
[1] 0 0 0
[1] "--"
[1] 0 0
[1] "--"
[1] 0 2
[1] "--"
[1] 0 3
[1] "--"
[1] 1 0
[1] "--"
[1] 1 1
[1] "--"
[1] 1 2
[1] "--"
[1] 1 3
[1] "--"
[1] 2 0
[1] "--"
[1] 2 1
[1] "--"
[1] 2 2
[1] "--"
[1] 2 3
[1] 0 0 1
[1] "--"
[1] 0 0
[1] "--"
[1] 0 1
[1] "--"
[1] 0 3
[1] "--"
[1] 1 0
[1] "--"
[1] 1 1
[1] "--"
[1] 1 2
[1] "--"
[1] 1 3
[1] "--"
[1] 2 0
[1] "--"
[1] 2 1
[1] "--"
[1] 2 2
[1] "--"
[1] 2 3
[1] 0 0 2
[1] "--"
[1] 0 0
[1] "--"
[1] 0 1
[1] "--"
[1] 0 2
[1] "--"
[1] 1 0
[1] "--"
[1] 1 1
[1] "--"
[1] 1 2
[1] "--"
[1] 1 3
[1] "--"
[1] 2 0
[1] "--"
[1] 2 1
[1] "--"
[1] 2 2
[1] "--"
[1] 2 3
[1] 0 0 3
[1] "--"
[1] 0 0
[1] "--"
[1] 2 0
[1] 0 1 0
[1] "--"
[1] 0 0
[1] "--"
[1] 1 0
[1] 0 2 0
[1] 0 3 3 3
[1] -0.1285568
[1] 0.004261364
[1] "*****"
[1] "--"
[1] 0 1
[1] "--"
[1] 1 0
[1] "--"
[1] 1 1
[1] "--"
[1] 2 0
[1] "--"
[1] 2 1
[1] 0 0 0
[1] "--"
[1] 0 0
[1] "--"
[1] 1 0
[1] "--"
[1] 1 1
[1] "--"
[1] 2 0
[1] "--"
[1] 2 1
[1] 0 0 1
[1] "--"
[1] 0 0
[1] "--"
[1] 0 1
[1] "--"
[1] 1 1
[1] "--"
[1] 2 0
[1] "--"
[1] 2 1
[1] 0 1 0
[1] "--"
[1] 0 0
[1] "--"
[1] 0 1
[1] "--"
[1] 1 0
[1] "--"
[1] 2 0
[1] "--"
[1] 2 1
[1] 0 1 1
[1] "--"
[1] 0 0
[1] "--"
[1] 1 0
[1] 0 2 0
[1] 1 2 3 3
[1] -1.314935
[1] 0.007305195
[1] "*****"
[1] "--"
[1] 0 1
[1] "--"
[1] 0 2
[1] "--"
[1] 1 0
[1] "--"
[1] 1 1
[1] "--"
[1] 1 2
[1] "--"
[1] 2 0
[1] "--"
[1] 2 1
[1] "--"
[1] 2 2
[1] 0 0 0
[1] "--"
[1] 0 0
[1] "--"
[1] 0 2
[1] "--"
[1] 1 0
[1] "--"
[1] 1 1
[1] "--"
[1] 1 2
[1] "--"
[1] 2 0
[1] "--"
[1] 2 1
[1] "--"
[1] 2 2
[1] 0 0 1
[1] "--"
[1] 0 0
[1] "--"
[1] 0 1
[1] "--"
[1] 1 0
[1] "--"
[1] 1 1
[1] "--"
[1] 1 2
[1] "--"
[1] 2 0
[1] "--"
[1] 2 1
[1] "--"
[1] 2 2
[1] 0 0 2
[1] "--"
[1] 0 0
[1] "--"
[1] 2 0
[1] 0 1 0
[1] "--"
[1] 0 0
[1] "--"
[1] 1 0
[1] 0 2 0
[1] 1 3 3 3
[1] -0.1599557
[1] 0.004261364
[1] "*****"
[1] "--"
[1] 1 0
[1] "--"
[1] 2 0
[1] 0 0 0
[1] "--"
[1] 0 0
[1] "--"
[1] 0 1
[1] "--"
[1] 1 1
[1] "--"
[1] 2 0
[1] "--"
[1] 2 1
[1] 0 1 0
[1] "--"
[1] 0 0
[1] "--"
[1] 0 1
[1] "--"
[1] 1 0
[1] "--"
[1] 2 0
[1] "--"
[1] 2 1
[1] 0 1 1
[1] "--"
[1] 0 0
[1] "--"
[1] 1 0
[1] 0 2 0
[1] 2 2 3 3
[1] -2.821753
[1] 0.01461039
[1] "*****"
[1] "--"
[1] 0 1
[1] "--"
[1] 1 0
[1] "--"
[1] 1 1
[1] "--"
[1] 2 0
[1] "--"
[1] 2 1
[1] 0 0 0
[1] "--"
[1] 0 0
[1] "--"
[1] 1 0
[1] "--"
[1] 1 1
[1] "--"
[1] 2 0
[1] "--"
[1] 2 1
[1] 0 0 1
[1] "--"
[1] 0 0
[1] "--"
[1] 2 0
[1] 0 1 0
[1] "--"
[1] 0 0
[1] "--"
[1] 1 0
[1] 0 2 0
[1] 2 3 3 3
[1] -0.7159091
[1] 0.008522727
[1] "*****"
[1] "--"
[1] 1 0
[1] "--"
[1] 2 0
[1] 0 0 0
[1] "--"
[1] 0 0
[1] "--"
[1] 2 0
[1] 0 1 0
[1] "--"
[1] 0 0
[1] "--"
[1] 1 0
[1] 0 2 0
[1] 3 3 3 3
[1] 0.02556818
[1] 0.02556818
[1] "*****"
[1] "--"
[1] 0 1
[1] "--"
[1] 0 2
[1] "--"
[1] 1 0
[1] "--"
[1] 1 1
[1] "--"
[1] 1 2
[1] 1 0 0
[1] "--"
[1] 0 0
[1] "--"
[1] 0 2
[1] "--"
[1] 1 0
[1] "--"
[1] 1 1
[1] "--"
[1] 1 2
[1] 1 0 1
[1] "--"
[1] 0 0
[1] "--"
[1] 0 1
[1] "--"
[1] 1 0
[1] "--"
[1] 1 1
[1] "--"
[1] 1 2
[1] 1 0 2
[1] "--"
[1] 0 0
[1] 1 1 0
[1] 0 2 2
[1] -0.3628052
[1] 0.04383117
[1] "*****"
[1] "--"
[1] 0 1
[1] "--"
[1] 1 0
[1] "--"
[1] 1 1
[1] 1 0 0
[1] "--"
[1] 0 0
[1] "--"
[1] 1 0
[1] "--"
[1] 1 1
[1] 1 0 1
[1] "--"
[1] 0 0
[1] 1 1 0
[1] 1 2 2
[1] -0.336039
[1] 0.04383117
[1] "*****"
[1] "--"
[1] 1 0
[1] 1 0 0
[1] "--"
[1] 0 0
[1] 1 1 0
[1] 2 2 2
[1] 0.1022727
[1] 0.1022727
[1] "*****"
Warning messages:
1: In log(bigs) : NaNs produced
2: In log(bigs) : NaNs produced
3: In log(bigs) : NaNs produced
4: In log(bigs) : NaNs produced
> source("sir.r")
> p0=sir(t=1,n=a0,a=N-a0,f=trans,mu=gamma)
[1] "--"
[1] 0 0 0 1
[1] "--"
[1] 0 0 0 2
[1] "--"
[1] 0 0 1 0
[1] "--"
[1] 0 0 1 1
[1] "--"
[1] 0 0 1 2
[1] "--"
[1] 0 0 2 0
[1] "--"
[1] 0 0 2 1
[1] "--"
[1] 0 0 2 2
[1] 0 0 0
[1] "--"
[1] 0 1 0 0
[1] "--"
[1] 0 1 0 2
[1] "--"
[1] 0 1 1 0
[1] "--"
[1] 0 1 1 1
[1] "--"
[1] 0 1 1 2
[1] "--"
[1] 0 1 2 0
[1] "--"
[1] 0 1 2 1
[1] "--"
[1] 0 1 2 2
[1] 0 0 1
[1] "--"
[1] 0 2 0 0
[1] "--"
[1] 0 2 0 1
[1] "--"
[1] 0 2 1 0
[1] "--"
[1] 0 2 1 1
[1] "--"
[1] 0 2 1 2
[1] "--"
[1] 0 2 2 0
[1] "--"
[1] 0 2 2 1
[1] "--"
[1] 0 2 2 2
[1] 0 0 2
[1] "--"
[1] 1 0 0 0
[1] "--"
[1] 1 0 0 1
[1] "--"
[1] 1 0 1 1
[1] "--"
[1] 1 0 2 0
[1] "--"
[1] 1 0 2 1
[1] 0 1 0
[1] "--"
[1] 1 1 0 0
[1] "--"
[1] 1 1 0 1
[1] "--"
[1] 1 1 1 0
[1] "--"
[1] 1 1 2 0
[1] "--"
[1] 1 1 2 1
[1] 0 1 1
[1] "--"
[1] 2 0 0 0
[1] "--"
[1] 2 0 1 0
[1] 0 2 0
[1] 0 2 3 3
[1] 1.922532
[1] 0.007305195
[1] "*****"
[1] "--"
[1] 0 0 0 1
[1] "--"
[1] 0 0 0 2
[1] "--"
[1] 0 0 0 3
[1] "--"
[1] 0 0 1 0
[1] "--"
[1] 0 0 1 1
[1] "--"
[1] 0 0 1 2
[1] "--"
[1] 0 0 1 3
[1] "--"
[1] 0 0 2 0
[1] "--"
[1] 0 0 2 1
[1] "--"
[1] 0 0 2 2
[1] "--"
[1] 0 0 2 3
[1] 0 0 0
[1] "--"
[1] 0 1 0 0
[1] "--"
[1] 0 1 0 2
[1] "--"
[1] 0 1 0 3
[1] "--"
[1] 0 1 1 0
[1] "--"
[1] 0 1 1 1
[1] "--"
[1] 0 1 1 2
[1] "--"
[1] 0 1 1 3
[1] "--"
[1] 0 1 2 0
[1] "--"
[1] 0 1 2 1
[1] "--"
[1] 0 1 2 2
[1] "--"
[1] 0 1 2 3
[1] 0 0 1
[1] "--"
[1] 0 2 0 0
[1] "--"
[1] 0 2 0 1
[1] "--"
[1] 0 2 0 3
[1] "--"
[1] 0 2 1 0
[1] "--"
[1] 0 2 1 1
[1] "--"
[1] 0 2 1 2
[1] "--"
[1] 0 2 1 3
[1] "--"
[1] 0 2 2 0
[1] "--"
[1] 0 2 2 1
[1] "--"
[1] 0 2 2 2
[1] "--"
[1] 0 2 2 3
[1] 0 0 2
[1] "--"
[1] 0 3 0 0
[1] "--"
[1] 0 3 0 1
[1] "--"
[1] 0 3 0 2
[1] "--"
[1] 0 3 1 0
[1] "--"
[1] 0 3 1 1
[1] "--"
[1] 0 3 1 2
[1] "--"
[1] 0 3 1 3
[1] "--"
[1] 0 3 2 0
[1] "--"
[1] 0 3 2 1
[1] "--"
[1] 0 3 2 2
[1] "--"
[1] 0 3 2 3
[1] 0 0 3
[1] "--"
[1] 1 0 0 0
[1] "--"
[1] 1 0 2 0
[1] 0 1 0
[1] "--"
[1] 2 0 0 0
[1] "--"
[1] 2 0 1 0
[1] 0 2 0
[1] 0 3 3 3
[1] -0.1285568
[1] 0.004261364
[1] "*****"
[1] "--"
[1] 0 0 0 1
[1] "--"
[1] 0 0 1 0
[1] "--"
[1] 0 0 1 1
[1] "--"
[1] 0 0 2 0
[1] "--"
[1] 0 0 2 1
[1] 0 0 0
[1] "--"
[1] 0 1 0 0
[1] "--"
[1] 0 1 1 0
[1] "--"
[1] 0 1 1 1
[1] "--"
[1] 0 1 2 0
[1] "--"
[1] 0 1 2 1
[1] 0 0 1
[1] "--"
[1] 1 0 0 0
[1] "--"
[1] 1 0 0 1
[1] "--"
[1] 1 0 1 1
[1] "--"
[1] 1 0 2 0
[1] "--"
[1] 1 0 2 1
[1] 0 1 0
[1] "--"
[1] 1 1 0 0
[1] "--"
[1] 1 1 0 1
[1] "--"
[1] 1 1 1 0
[1] "--"
[1] 1 1 2 0
[1] "--"
[1] 1 1 2 1
[1] 0 1 1
[1] "--"
[1] 2 0 0 0
[1] "--"
[1] 2 0 1 0
[1] 0 2 0
[1] 1 2 3 3
[1] -1.314935
[1] 0.007305195
[1] "*****"
[1] "--"
[1] 0 0 0 1
[1] "--"
[1] 0 0 0 2
[1] "--"
[1] 0 0 1 0
[1] "--"
[1] 0 0 1 1
[1] "--"
[1] 0 0 1 2
[1] "--"
[1] 0 0 2 0
[1] "--"
[1] 0 0 2 1
[1] "--"
[1] 0 0 2 2
[1] 0 0 0
[1] "--"
[1] 0 1 0 0
[1] "--"
[1] 0 1 0 2
[1] "--"
[1] 0 1 1 0
[1] "--"
[1] 0 1 1 1
[1] "--"
[1] 0 1 1 2
[1] "--"
[1] 0 1 2 0
[1] "--"
[1] 0 1 2 1
[1] "--"
[1] 0 1 2 2
[1] 0 0 1
[1] "--"
[1] 0 2 0 0
[1] "--"
[1] 0 2 0 1
[1] "--"
[1] 0 2 1 0
[1] "--"
[1] 0 2 1 1
[1] "--"
[1] 0 2 1 2
[1] "--"
[1] 0 2 2 0
[1] "--"
[1] 0 2 2 1
[1] "--"
[1] 0 2 2 2
[1] 0 0 2
[1] "--"
[1] 1 0 0 0
[1] "--"
[1] 1 0 2 0
[1] 0 1 0
[1] "--"
[1] 2 0 0 0
[1] "--"
[1] 2 0 1 0
[1] 0 2 0
[1] 1 3 3 3
[1] -0.1599557
[1] 0.004261364
[1] "*****"
[1] "--"
[1] 0 0 1 0
[1] "--"
[1] 0 0 2 0
[1] 0 0 0
[1] "--"
[1] 1 0 0 0
[1] "--"
[1] 1 0 0 1
[1] "--"
[1] 1 0 1 1
[1] "--"
[1] 1 0 2 0
[1] "--"
[1] 1 0 2 1
[1] 0 1 0
[1] "--"
[1] 1 1 0 0
[1] "--"
[1] 1 1 0 1
[1] "--"
[1] 1 1 1 0
[1] "--"
[1] 1 1 2 0
[1] "--"
[1] 1 1 2 1
[1] 0 1 1
[1] "--"
[1] 2 0 0 0
[1] "--"
[1] 2 0 1 0
[1] 0 2 0
[1] 2 2 3 3
[1] -2.821753
[1] 0.01461039
[1] "*****"
[1] "--"
[1] 0 0 0 1
[1] "--"
[1] 0 0 1 0
[1] "--"
[1] 0 0 1 1
[1] "--"
[1] 0 0 2 0
[1] "--"
[1] 0 0 2 1
[1] 0 0 0
[1] "--"
[1] 0 1 0 0
[1] "--"
[1] 0 1 1 0
[1] "--"
[1] 0 1 1 1
[1] "--"
[1] 0 1 2 0
[1] "--"
[1] 0 1 2 1
[1] 0 0 1
[1] "--"
[1] 1 0 0 0
[1] "--"
[1] 1 0 2 0
[1] 0 1 0
[1] "--"
[1] 2 0 0 0
[1] "--"
[1] 2 0 1 0
[1] 0 2 0
[1] 2 3 3 3
[1] -0.7159091
[1] 0.008522727
[1] "*****"
[1] "--"
[1] 0 0 1 0
[1] "--"
[1] 0 0 2 0
[1] 0 0 0
[1] "--"
[1] 1 0 0 0
[1] "--"
[1] 1 0 2 0
[1] 0 1 0
[1] "--"
[1] 2 0 0 0
[1] "--"
[1] 2 0 1 0
[1] 0 2 0
[1] 3 3 3 3
[1] 0.02556818
[1] 0.02556818
[1] "*****"
[1] "--"
[1] 0 0 0 1
[1] "--"
[1] 0 0 0 2
[1] "--"
[1] 0 0 1 0
[1] "--"
[1] 0 0 1 1
[1] "--"
[1] 0 0 1 2
[1] 1 0 0
[1] "--"
[1] 0 1 0 0
[1] "--"
[1] 0 1 0 2
[1] "--"
[1] 0 1 1 0
[1] "--"
[1] 0 1 1 1
[1] "--"
[1] 0 1 1 2
[1] 1 0 1
[1] "--"
[1] 0 2 0 0
[1] "--"
[1] 0 2 0 1
[1] "--"
[1] 0 2 1 0
[1] "--"
[1] 0 2 1 1
[1] "--"
[1] 0 2 1 2
[1] 1 0 2
[1] "--"
[1] 1 0 0 0
[1] 1 1 0
[1] 0 2 2
[1] -0.3628052
[1] 0.04383117
[1] "*****"
[1] "--"
[1] 0 0 0 1
[1] "--"
[1] 0 0 1 0
[1] "--"
[1] 0 0 1 1
[1] 1 0 0
[1] "--"
[1] 0 1 0 0
[1] "--"
[1] 0 1 1 0
[1] "--"
[1] 0 1 1 1
[1] 1 0 1
[1] "--"
[1] 1 0 0 0
[1] 1 1 0
[1] 1 2 2
[1] -0.336039
[1] 0.04383117
[1] "*****"
[1] "--"
[1] 0 0 1 0
[1] 1 0 0
[1] "--"
[1] 1 0 0 0
[1] 1 1 0
[1] 2 2 2
[1] 0.1022727
[1] 0.1022727
[1] "*****"
Warning messages:
1: In log(bigs) : NaNs produced
2: In log(bigs) : NaNs produced
3: In log(bigs) : NaNs produced
4: In log(bigs) : NaNs produced
> source("sir.r")
> p0=sir(t=1,n=a0,a=N-a0,f=trans,mu=gamma)
[1] 0 0 0 1
[1] 0 0 0 2
[1] 0 0 1 0
[1] 0 0 1 1
[1] 0 0 1 2
[1] 0 0 2 0
[1] 0 0 2 1
[1] 0 0 2 2
[1] 0 0 0
[1] 0 1 0 0
[1] 0 1 0 2
[1] 0 1 1 0
[1] 0 1 1 1
[1] 0 1 1 2
[1] 0 1 2 0
[1] 0 1 2 1
[1] 0 1 2 2
[1] 0 0 1
[1] 0 2 0 0
[1] 0 2 0 1
[1] 0 2 1 0
[1] 0 2 1 1
[1] 0 2 1 2
[1] 0 2 2 0
[1] 0 2 2 1
[1] 0 2 2 2
[1] 0 0 2
[1] 1 0 0 0
[1] 1 0 0 1
[1] 1 0 1 1
[1] 1 0 2 0
[1] 1 0 2 1
[1] 0 1 0
[1] 1 1 0 0
[1] 1 1 0 1
[1] 1 1 1 0
[1] 1 1 2 0
[1] 1 1 2 1
[1] 0 1 1
[1] 2 0 0 0
[1] 2 0 1 0
[1] 0 2 0
[1] 0 2 3 3
[1] 1.922532
[1] 0.007305195
[1] "*****"
[1] 0 0 0 1
[1] 0 0 0 2
[1] 0 0 0 3
[1] 0 0 1 0
[1] 0 0 1 1
[1] 0 0 1 2
[1] 0 0 1 3
[1] 0 0 2 0
[1] 0 0 2 1
[1] 0 0 2 2
[1] 0 0 2 3
[1] 0 0 0
[1] 0 1 0 0
[1] 0 1 0 2
[1] 0 1 0 3
[1] 0 1 1 0
[1] 0 1 1 1
[1] 0 1 1 2
[1] 0 1 1 3
[1] 0 1 2 0
[1] 0 1 2 1
[1] 0 1 2 2
[1] 0 1 2 3
[1] 0 0 1
[1] 0 2 0 0
[1] 0 2 0 1
[1] 0 2 0 3
[1] 0 2 1 0
[1] 0 2 1 1
[1] 0 2 1 2
[1] 0 2 1 3
[1] 0 2 2 0
[1] 0 2 2 1
[1] 0 2 2 2
[1] 0 2 2 3
[1] 0 0 2
[1] 0 3 0 0
[1] 0 3 0 1
[1] 0 3 0 2
[1] 0 3 1 0
[1] 0 3 1 1
[1] 0 3 1 2
[1] 0 3 1 3
[1] 0 3 2 0
[1] 0 3 2 1
[1] 0 3 2 2
[1] 0 3 2 3
[1] 0 0 3
[1] 1 0 0 0
[1] 1 0 2 0
[1] 0 1 0
[1] 2 0 0 0
[1] 2 0 1 0
[1] 0 2 0
[1] 0 3 3 3
[1] -0.1285568
[1] 0.004261364
[1] "*****"
[1] 0 0 0 1
[1] 0 0 1 0
[1] 0 0 1 1
[1] 0 0 2 0
[1] 0 0 2 1
[1] 0 0 0
[1] 0 1 0 0
[1] 0 1 1 0
[1] 0 1 1 1
[1] 0 1 2 0
[1] 0 1 2 1
[1] 0 0 1
[1] 1 0 0 0
[1] 1 0 0 1
[1] 1 0 1 1
[1] 1 0 2 0
[1] 1 0 2 1
[1] 0 1 0
[1] 1 1 0 0
[1] 1 1 0 1
[1] 1 1 1 0
[1] 1 1 2 0
[1] 1 1 2 1
[1] 0 1 1
[1] 2 0 0 0
[1] 2 0 1 0
[1] 0 2 0
[1] 1 2 3 3
[1] -1.314935
[1] 0.007305195
[1] "*****"
[1] 0 0 0 1
[1] 0 0 0 2
[1] 0 0 1 0
[1] 0 0 1 1
[1] 0 0 1 2
[1] 0 0 2 0
[1] 0 0 2 1
[1] 0 0 2 2
[1] 0 0 0
[1] 0 1 0 0
[1] 0 1 0 2
[1] 0 1 1 0
[1] 0 1 1 1
[1] 0 1 1 2
[1] 0 1 2 0
[1] 0 1 2 1
[1] 0 1 2 2
[1] 0 0 1
[1] 0 2 0 0
[1] 0 2 0 1
[1] 0 2 1 0
[1] 0 2 1 1
[1] 0 2 1 2
[1] 0 2 2 0
[1] 0 2 2 1
[1] 0 2 2 2
[1] 0 0 2
[1] 1 0 0 0
[1] 1 0 2 0
[1] 0 1 0
[1] 2 0 0 0
[1] 2 0 1 0
[1] 0 2 0
[1] 1 3 3 3
[1] -0.1599557
[1] 0.004261364
[1] "*****"
[1] 0 0 1 0
[1] 0 0 2 0
[1] 0 0 0
[1] 1 0 0 0
[1] 1 0 0 1
[1] 1 0 1 1
[1] 1 0 2 0
[1] 1 0 2 1
[1] 0 1 0
[1] 1 1 0 0
[1] 1 1 0 1
[1] 1 1 1 0
[1] 1 1 2 0
[1] 1 1 2 1
[1] 0 1 1
[1] 2 0 0 0
[1] 2 0 1 0
[1] 0 2 0
[1] 2 2 3 3
[1] -2.821753
[1] 0.01461039
[1] "*****"
[1] 0 0 0 1
[1] 0 0 1 0
[1] 0 0 1 1
[1] 0 0 2 0
[1] 0 0 2 1
[1] 0 0 0
[1] 0 1 0 0
[1] 0 1 1 0
[1] 0 1 1 1
[1] 0 1 2 0
[1] 0 1 2 1
[1] 0 0 1
[1] 1 0 0 0
[1] 1 0 2 0
[1] 0 1 0
[1] 2 0 0 0
[1] 2 0 1 0
[1] 0 2 0
[1] 2 3 3 3
[1] -0.7159091
[1] 0.008522727
[1] "*****"
[1] 0 0 1 0
[1] 0 0 2 0
[1] 0 0 0
[1] 1 0 0 0
[1] 1 0 2 0
[1] 0 1 0
[1] 2 0 0 0
[1] 2 0 1 0
[1] 0 2 0
[1] 3 3 3 3
[1] 0.02556818
[1] 0.02556818
[1] "*****"
[1] 0 0 0 1
[1] 0 0 0 2
[1] 0 0 1 0
[1] 0 0 1 1
[1] 0 0 1 2
[1] 1 0 0
[1] 0 1 0 0
[1] 0 1 0 2
[1] 0 1 1 0
[1] 0 1 1 1
[1] 0 1 1 2
[1] 1 0 1
[1] 0 2 0 0
[1] 0 2 0 1
[1] 0 2 1 0
[1] 0 2 1 1
[1] 0 2 1 2
[1] 1 0 2
[1] 1 0 0 0
[1] 1 1 0
[1] 0 2 2
[1] -0.3628052
[1] 0.04383117
[1] "*****"
[1] 0 0 0 1
[1] 0 0 1 0
[1] 0 0 1 1
[1] 1 0 0
[1] 0 1 0 0
[1] 0 1 1 0
[1] 0 1 1 1
[1] 1 0 1
[1] 1 0 0 0
[1] 1 1 0
[1] 1 2 2
[1] -0.336039
[1] 0.04383117
[1] "*****"
[1] 0 0 1 0
[1] 1 0 0
[1] 1 0 0 0
[1] 1 1 0
[1] 2 2 2
[1] 0.1022727
[1] 0.1022727
[1] "*****"
Warning messages:
1: In log(bigs) : NaNs produced
2: In log(bigs) : NaNs produced
3: In log(bigs) : NaNs produced
4: In log(bigs) : NaNs produced
> source("sir.r")
> p0=sir(t=1,n=a0,a=N-a0,f=trans,mu=gamma)
[1] 0 0 0 1
[1] 0 0 0 2
[1] 0 0 1 0
[1] 0 0 1 1
[1] 0 0 1 2
[1] 0 0 2 0
[1] 0 0 2 1
[1] 0 0 2 2
[1] 0 0
[1] 0 1 0 0
[1] 0 1 0 2
[1] 0 1 1 0
[1] 0 1 1 1
[1] 0 1 1 2
[1] 0 1 2 0
[1] 0 1 2 1
[1] 0 1 2 2
[1] 0 1
[1] 0 2 0 0
[1] 0 2 0 1
[1] 0 2 1 0
[1] 0 2 1 1
[1] 0 2 1 2
[1] 0 2 2 0
[1] 0 2 2 1
[1] 0 2 2 2
[1] 0 2
[1] 1 0 0 0
[1] 1 0 0 1
[1] 1 0 1 1
[1] 1 0 2 0
[1] 1 0 2 1
[1] 1 0
[1] 1 1 0 0
[1] 1 1 0 1
[1] 1 1 1 0
[1] 1 1 2 0
[1] 1 1 2 1
[1] 1 1
[1] 2 0 0 0
[1] 2 0 1 0
[1] 2 0
[1] 0 2 3 3
[1] 1.922532
[1] 0.007305195
[1] "*****"
[1] 0 0 0 1
[1] 0 0 0 2
[1] 0 0 0 3
[1] 0 0 1 0
[1] 0 0 1 1
[1] 0 0 1 2
[1] 0 0 1 3
[1] 0 0 2 0
[1] 0 0 2 1
[1] 0 0 2 2
[1] 0 0 2 3
[1] 0 0
[1] 0 1 0 0
[1] 0 1 0 2
[1] 0 1 0 3
[1] 0 1 1 0
[1] 0 1 1 1
[1] 0 1 1 2
[1] 0 1 1 3
[1] 0 1 2 0
[1] 0 1 2 1
[1] 0 1 2 2
[1] 0 1 2 3
[1] 0 1
[1] 0 2 0 0
[1] 0 2 0 1
[1] 0 2 0 3
[1] 0 2 1 0
[1] 0 2 1 1
[1] 0 2 1 2
[1] 0 2 1 3
[1] 0 2 2 0
[1] 0 2 2 1
[1] 0 2 2 2
[1] 0 2 2 3
[1] 0 2
[1] 0 3 0 0
[1] 0 3 0 1
[1] 0 3 0 2
[1] 0 3 1 0
[1] 0 3 1 1
[1] 0 3 1 2
[1] 0 3 1 3
[1] 0 3 2 0
[1] 0 3 2 1
[1] 0 3 2 2
[1] 0 3 2 3
[1] 0 3
[1] 1 0 0 0
[1] 1 0 2 0
[1] 1 0
[1] 2 0 0 0
[1] 2 0 1 0
[1] 2 0
[1] 0 3 3 3
[1] -0.1285568
[1] 0.004261364
[1] "*****"
[1] 0 0 0 1
[1] 0 0 1 0
[1] 0 0 1 1
[1] 0 0 2 0
[1] 0 0 2 1
[1] 0 0
[1] 0 1 0 0
[1] 0 1 1 0
[1] 0 1 1 1
[1] 0 1 2 0
[1] 0 1 2 1
[1] 0 1
[1] 1 0 0 0
[1] 1 0 0 1
[1] 1 0 1 1
[1] 1 0 2 0
[1] 1 0 2 1
[1] 1 0
[1] 1 1 0 0
[1] 1 1 0 1
[1] 1 1 1 0
[1] 1 1 2 0
[1] 1 1 2 1
[1] 1 1
[1] 2 0 0 0
[1] 2 0 1 0
[1] 2 0
[1] 1 2 3 3
[1] -1.314935
[1] 0.007305195
[1] "*****"
[1] 0 0 0 1
[1] 0 0 0 2
[1] 0 0 1 0
[1] 0 0 1 1
[1] 0 0 1 2
[1] 0 0 2 0
[1] 0 0 2 1
[1] 0 0 2 2
[1] 0 0
[1] 0 1 0 0
[1] 0 1 0 2
[1] 0 1 1 0
[1] 0 1 1 1
[1] 0 1 1 2
[1] 0 1 2 0
[1] 0 1 2 1
[1] 0 1 2 2
[1] 0 1
[1] 0 2 0 0
[1] 0 2 0 1
[1] 0 2 1 0
[1] 0 2 1 1
[1] 0 2 1 2
[1] 0 2 2 0
[1] 0 2 2 1
[1] 0 2 2 2
[1] 0 2
[1] 1 0 0 0
[1] 1 0 2 0
[1] 1 0
[1] 2 0 0 0
[1] 2 0 1 0
[1] 2 0
[1] 1 3 3 3
[1] -0.1599557
[1] 0.004261364
[1] "*****"
[1] 0 0 1 0
[1] 0 0 2 0
[1] 0 0
[1] 1 0 0 0
[1] 1 0 0 1
[1] 1 0 1 1
[1] 1 0 2 0
[1] 1 0 2 1
[1] 1 0
[1] 1 1 0 0
[1] 1 1 0 1
[1] 1 1 1 0
[1] 1 1 2 0
[1] 1 1 2 1
[1] 1 1
[1] 2 0 0 0
[1] 2 0 1 0
[1] 2 0
[1] 2 2 3 3
[1] -2.821753
[1] 0.01461039
[1] "*****"
[1] 0 0 0 1
[1] 0 0 1 0
[1] 0 0 1 1
[1] 0 0 2 0
[1] 0 0 2 1
[1] 0 0
[1] 0 1 0 0
[1] 0 1 1 0
[1] 0 1 1 1
[1] 0 1 2 0
[1] 0 1 2 1
[1] 0 1
[1] 1 0 0 0
[1] 1 0 2 0
[1] 1 0
[1] 2 0 0 0
[1] 2 0 1 0
[1] 2 0
[1] 2 3 3 3
[1] -0.7159091
[1] 0.008522727
[1] "*****"
[1] 0 0 1 0
[1] 0 0 2 0
[1] 0 0
[1] 1 0 0 0
[1] 1 0 2 0
[1] 1 0
[1] 2 0 0 0
[1] 2 0 1 0
[1] 2 0
[1] 3 3 3 3
[1] 0.02556818
[1] 0.02556818
[1] "*****"
[1] 0 0 0 1
[1] 0 0 0 2
[1] 0 0 1 0
[1] 0 0 1 1
[1] 0 0 1 2
[1] 0 0
[1] 0 1 0 0
[1] 0 1 0 2
[1] 0 1 1 0
[1] 0 1 1 1
[1] 0 1 1 2
[1] 0 1
[1] 0 2 0 0
[1] 0 2 0 1
[1] 0 2 1 0
[1] 0 2 1 1
[1] 0 2 1 2
[1] 0 2
[1] 1 0 0 0
[1] 1 0
[1] 0 2 2
[1] -0.3628052
[1] 0.04383117
[1] "*****"
[1] 0 0 0 1
[1] 0 0 1 0
[1] 0 0 1 1
[1] 0 0
[1] 0 1 0 0
[1] 0 1 1 0
[1] 0 1 1 1
[1] 0 1
[1] 1 0 0 0
[1] 1 0
[1] 1 2 2
[1] -0.336039
[1] 0.04383117
[1] "*****"
[1] 0 0 1 0
[1] 0 0
[1] 1 0 0 0
[1] 1 0
[1] 2 2 2
[1] 0.1022727
[1] 0.1022727
[1] "*****"
Warning messages:
1: In log(bigs) : NaNs produced
2: In log(bigs) : NaNs produced
3: In log(bigs) : NaNs produced
4: In log(bigs) : NaNs produced
> source("sir.r")
Error in source("sir.r") : sir.r:50:65: unexpected ')'
49:                                                 check = check/(1+ff(i,w,k))
50:                                                 print(c(lw[w+2]-)
                                                                    ^
> p0=sir(t=1,n=a0,a=N-a0,f=trans,mu=gamma)
[1] 0 0 0 1
[1] 0 0 0 2
[1] 0 0 1 0
[1] 0 0 1 1
[1] 0 0 1 2
[1] 0 0 2 0
[1] 0 0 2 1
[1] 0 0 2 2
[1] 0 0
[1] 0 1 0 0
[1] 0 1 0 2
[1] 0 1 1 0
[1] 0 1 1 1
[1] 0 1 1 2
[1] 0 1 2 0
[1] 0 1 2 1
[1] 0 1 2 2
[1] 0 1
[1] 0 2 0 0
[1] 0 2 0 1
[1] 0 2 1 0
[1] 0 2 1 1
[1] 0 2 1 2
[1] 0 2 2 0
[1] 0 2 2 1
[1] 0 2 2 2
[1] 0 2
[1] 1 0 0 0
[1] 1 0 0 1
[1] 1 0 1 1
[1] 1 0 2 0
[1] 1 0 2 1
[1] 1 0
[1] 1 1 0 0
[1] 1 1 0 1
[1] 1 1 1 0
[1] 1 1 2 0
[1] 1 1 2 1
[1] 1 1
[1] 2 0 0 0
[1] 2 0 1 0
[1] 2 0
[1] 0 2 3 3
[1] 1.922532
[1] 0.007305195
[1] "*****"
[1] 0 0 0 1
[1] 0 0 0 2
[1] 0 0 0 3
[1] 0 0 1 0
[1] 0 0 1 1
[1] 0 0 1 2
[1] 0 0 1 3
[1] 0 0 2 0
[1] 0 0 2 1
[1] 0 0 2 2
[1] 0 0 2 3
[1] 0 0
[1] 0 1 0 0
[1] 0 1 0 2
[1] 0 1 0 3
[1] 0 1 1 0
[1] 0 1 1 1
[1] 0 1 1 2
[1] 0 1 1 3
[1] 0 1 2 0
[1] 0 1 2 1
[1] 0 1 2 2
[1] 0 1 2 3
[1] 0 1
[1] 0 2 0 0
[1] 0 2 0 1
[1] 0 2 0 3
[1] 0 2 1 0
[1] 0 2 1 1
[1] 0 2 1 2
[1] 0 2 1 3
[1] 0 2 2 0
[1] 0 2 2 1
[1] 0 2 2 2
[1] 0 2 2 3
[1] 0 2
[1] 0 3 0 0
[1] 0 3 0 1
[1] 0 3 0 2
[1] 0 3 1 0
[1] 0 3 1 1
[1] 0 3 1 2
[1] 0 3 1 3
[1] 0 3 2 0
[1] 0 3 2 1
[1] 0 3 2 2
[1] 0 3 2 3
[1] 0 3
[1] 1 0 0 0
[1] 1 0 2 0
[1] 1 0
[1] 2 0 0 0
[1] 2 0 1 0
[1] 2 0
[1] 0 3 3 3
[1] -0.1285568
[1] 0.004261364
[1] "*****"
[1] 0 0 0 1
[1] 0 0 1 0
[1] 0 0 1 1
[1] 0 0 2 0
[1] 0 0 2 1
[1] 0 0
[1] 0 1 0 0
[1] 0 1 1 0
[1] 0 1 1 1
[1] 0 1 2 0
[1] 0 1 2 1
[1] 0 1
[1] 1 0 0 0
[1] 1 0 0 1
[1] 1 0 1 1
[1] 1 0 2 0
[1] 1 0 2 1
[1] 1 0
[1] 1 1 0 0
[1] 1 1 0 1
[1] 1 1 1 0
[1] 1 1 2 0
[1] 1 1 2 1
[1] 1 1
[1] 2 0 0 0
[1] 2 0 1 0
[1] 2 0
[1] 1 2 3 3
[1] -1.314935
[1] 0.007305195
[1] "*****"
[1] 0 0 0 1
[1] 0 0 0 2
[1] 0 0 1 0
[1] 0 0 1 1
[1] 0 0 1 2
[1] 0 0 2 0
[1] 0 0 2 1
[1] 0 0 2 2
[1] 0 0
[1] 0 1 0 0
[1] 0 1 0 2
[1] 0 1 1 0
[1] 0 1 1 1
[1] 0 1 1 2
[1] 0 1 2 0
[1] 0 1 2 1
[1] 0 1 2 2
[1] 0 1
[1] 0 2 0 0
[1] 0 2 0 1
[1] 0 2 1 0
[1] 0 2 1 1
[1] 0 2 1 2
[1] 0 2 2 0
[1] 0 2 2 1
[1] 0 2 2 2
[1] 0 2
[1] 1 0 0 0
[1] 1 0 2 0
[1] 1 0
[1] 2 0 0 0
[1] 2 0 1 0
[1] 2 0
[1] 1 3 3 3
[1] -0.1599557
[1] 0.004261364
[1] "*****"
[1] 0 0 1 0
[1] 0 0 2 0
[1] 0 0
[1] 1 0 0 0
[1] 1 0 0 1
[1] 1 0 1 1
[1] 1 0 2 0
[1] 1 0 2 1
[1] 1 0
[1] 1 1 0 0
[1] 1 1 0 1
[1] 1 1 1 0
[1] 1 1 2 0
[1] 1 1 2 1
[1] 1 1
[1] 2 0 0 0
[1] 2 0 1 0
[1] 2 0
[1] 2 2 3 3
[1] -2.821753
[1] 0.01461039
[1] "*****"
[1] 0 0 0 1
[1] 0 0 1 0
[1] 0 0 1 1
[1] 0 0 2 0
[1] 0 0 2 1
[1] 0 0
[1] 0 1 0 0
[1] 0 1 1 0
[1] 0 1 1 1
[1] 0 1 2 0
[1] 0 1 2 1
[1] 0 1
[1] 1 0 0 0
[1] 1 0 2 0
[1] 1 0
[1] 2 0 0 0
[1] 2 0 1 0
[1] 2 0
[1] 2 3 3 3
[1] -0.7159091
[1] 0.008522727
[1] "*****"
[1] 0 0 1 0
[1] 0 0 2 0
[1] 0 0
[1] 1 0 0 0
[1] 1 0 2 0
[1] 1 0
[1] 2 0 0 0
[1] 2 0 1 0
[1] 2 0
[1] 3 3 3 3
[1] 0.02556818
[1] 0.02556818
[1] "*****"
[1] 0 0 0 1
[1] 0 0 0 2
[1] 0 0 1 0
[1] 0 0 1 1
[1] 0 0 1 2
[1] 0 0
[1] 0 1 0 0
[1] 0 1 0 2
[1] 0 1 1 0
[1] 0 1 1 1
[1] 0 1 1 2
[1] 0 1
[1] 0 2 0 0
[1] 0 2 0 1
[1] 0 2 1 0
[1] 0 2 1 1
[1] 0 2 1 2
[1] 0 2
[1] 1 0 0 0
[1] 1 0
[1] 0 2 2
[1] -0.3628052
[1] 0.04383117
[1] "*****"
[1] 0 0 0 1
[1] 0 0 1 0
[1] 0 0 1 1
[1] 0 0
[1] 0 1 0 0
[1] 0 1 1 0
[1] 0 1 1 1
[1] 0 1
[1] 1 0 0 0
[1] 1 0
[1] 1 2 2
[1] -0.336039
[1] 0.04383117
[1] "*****"
[1] 0 0 1 0
[1] 0 0
[1] 1 0 0 0
[1] 1 0
[1] 2 2 2
[1] 0.1022727
[1] 0.1022727
[1] "*****"
Warning messages:
1: In log(bigs) : NaNs produced
2: In log(bigs) : NaNs produced
3: In log(bigs) : NaNs produced
4: In log(bigs) : NaNs produced
> source("sir.r")
Error in source("sir.r") : sir.r:50:65: unexpected ')'
49:                                                 check = check/(1+ff(i,w,k))
50:                                                 print(c(lw[w+2]-)
                                                                    ^
> p0=sir(t=1,n=a0,a=N-a0,f=trans,mu=gamma)
[1] 0 0 0 1
[1] 0 0 0 2
[1] 0 0 1 0
[1] 0 0 1 1
[1] 0 0 1 2
[1] 0 0 2 0
[1] 0 0 2 1
[1] 0 0 2 2
[1] 0 0
[1] 0 1 0 0
[1] 0 1 0 2
[1] 0 1 1 0
[1] 0 1 1 1
[1] 0 1 1 2
[1] 0 1 2 0
[1] 0 1 2 1
[1] 0 1 2 2
[1] 0 1
[1] 0 2 0 0
[1] 0 2 0 1
[1] 0 2 1 0
[1] 0 2 1 1
[1] 0 2 1 2
[1] 0 2 2 0
[1] 0 2 2 1
[1] 0 2 2 2
[1] 0 2
[1] 1 0 0 0
[1] 1 0 0 1
[1] 1 0 1 1
[1] 1 0 2 0
[1] 1 0 2 1
[1] 1 0
[1] 1 1 0 0
[1] 1 1 0 1
[1] 1 1 1 0
[1] 1 1 2 0
[1] 1 1 2 1
[1] 1 1
[1] 2 0 0 0
[1] 2 0 1 0
[1] 2 0
[1] 0 2 3 3
[1] 1.922532
[1] 0.007305195
[1] "*****"
[1] 0 0 0 1
[1] 0 0 0 2
[1] 0 0 0 3
[1] 0 0 1 0
[1] 0 0 1 1
[1] 0 0 1 2
[1] 0 0 1 3
[1] 0 0 2 0
[1] 0 0 2 1
[1] 0 0 2 2
[1] 0 0 2 3
[1] 0 0
[1] 0 1 0 0
[1] 0 1 0 2
[1] 0 1 0 3
[1] 0 1 1 0
[1] 0 1 1 1
[1] 0 1 1 2
[1] 0 1 1 3
[1] 0 1 2 0
[1] 0 1 2 1
[1] 0 1 2 2
[1] 0 1 2 3
[1] 0 1
[1] 0 2 0 0
[1] 0 2 0 1
[1] 0 2 0 3
[1] 0 2 1 0
[1] 0 2 1 1
[1] 0 2 1 2
[1] 0 2 1 3
[1] 0 2 2 0
[1] 0 2 2 1
[1] 0 2 2 2
[1] 0 2 2 3
[1] 0 2
[1] 0 3 0 0
[1] 0 3 0 1
[1] 0 3 0 2
[1] 0 3 1 0
[1] 0 3 1 1
[1] 0 3 1 2
[1] 0 3 1 3
[1] 0 3 2 0
[1] 0 3 2 1
[1] 0 3 2 2
[1] 0 3 2 3
[1] 0 3
[1] 1 0 0 0
[1] 1 0 2 0
[1] 1 0
[1] 2 0 0 0
[1] 2 0 1 0
[1] 2 0
[1] 0 3 3 3
[1] -0.1285568
[1] 0.004261364
[1] "*****"
[1] 0 0 0 1
[1] 0 0 1 0
[1] 0 0 1 1
[1] 0 0 2 0
[1] 0 0 2 1
[1] 0 0
[1] 0 1 0 0
[1] 0 1 1 0
[1] 0 1 1 1
[1] 0 1 2 0
[1] 0 1 2 1
[1] 0 1
[1] 1 0 0 0
[1] 1 0 0 1
[1] 1 0 1 1
[1] 1 0 2 0
[1] 1 0 2 1
[1] 1 0
[1] 1 1 0 0
[1] 1 1 0 1
[1] 1 1 1 0
[1] 1 1 2 0
[1] 1 1 2 1
[1] 1 1
[1] 2 0 0 0
[1] 2 0 1 0
[1] 2 0
[1] 1 2 3 3
[1] -1.314935
[1] 0.007305195
[1] "*****"
[1] 0 0 0 1
[1] 0 0 0 2
[1] 0 0 1 0
[1] 0 0 1 1
[1] 0 0 1 2
[1] 0 0 2 0
[1] 0 0 2 1
[1] 0 0 2 2
[1] 0 0
[1] 0 1 0 0
[1] 0 1 0 2
[1] 0 1 1 0
[1] 0 1 1 1
[1] 0 1 1 2
[1] 0 1 2 0
[1] 0 1 2 1
[1] 0 1 2 2
[1] 0 1
[1] 0 2 0 0
[1] 0 2 0 1
[1] 0 2 1 0
[1] 0 2 1 1
[1] 0 2 1 2
[1] 0 2 2 0
[1] 0 2 2 1
[1] 0 2 2 2
[1] 0 2
[1] 1 0 0 0
[1] 1 0 2 0
[1] 1 0
[1] 2 0 0 0
[1] 2 0 1 0
[1] 2 0
[1] 1 3 3 3
[1] -0.1599557
[1] 0.004261364
[1] "*****"
[1] 0 0 1 0
[1] 0 0 2 0
[1] 0 0
[1] 1 0 0 0
[1] 1 0 0 1
[1] 1 0 1 1
[1] 1 0 2 0
[1] 1 0 2 1
[1] 1 0
[1] 1 1 0 0
[1] 1 1 0 1
[1] 1 1 1 0
[1] 1 1 2 0
[1] 1 1 2 1
[1] 1 1
[1] 2 0 0 0
[1] 2 0 1 0
[1] 2 0
[1] 2 2 3 3
[1] -2.821753
[1] 0.01461039
[1] "*****"
[1] 0 0 0 1
[1] 0 0 1 0
[1] 0 0 1 1
[1] 0 0 2 0
[1] 0 0 2 1
[1] 0 0
[1] 0 1 0 0
[1] 0 1 1 0
[1] 0 1 1 1
[1] 0 1 2 0
[1] 0 1 2 1
[1] 0 1
[1] 1 0 0 0
[1] 1 0 2 0
[1] 1 0
[1] 2 0 0 0
[1] 2 0 1 0
[1] 2 0
[1] 2 3 3 3
[1] -0.7159091
[1] 0.008522727
[1] "*****"
[1] 0 0 1 0
[1] 0 0 2 0
[1] 0 0
[1] 1 0 0 0
[1] 1 0 2 0
[1] 1 0
[1] 2 0 0 0
[1] 2 0 1 0
[1] 2 0
[1] 3 3 3 3
[1] 0.02556818
[1] 0.02556818
[1] "*****"
[1] 0 0 0 1
[1] 0 0 0 2
[1] 0 0 1 0
[1] 0 0 1 1
[1] 0 0 1 2
[1] 0 0
[1] 0 1 0 0
[1] 0 1 0 2
[1] 0 1 1 0
[1] 0 1 1 1
[1] 0 1 1 2
[1] 0 1
[1] 0 2 0 0
[1] 0 2 0 1
[1] 0 2 1 0
[1] 0 2 1 1
[1] 0 2 1 2
[1] 0 2
[1] 1 0 0 0
[1] 1 0
[1] 0 2 2
[1] -0.3628052
[1] 0.04383117
[1] "*****"
[1] 0 0 0 1
[1] 0 0 1 0
[1] 0 0 1 1
[1] 0 0
[1] 0 1 0 0
[1] 0 1 1 0
[1] 0 1 1 1
[1] 0 1
[1] 1 0 0 0
[1] 1 0
[1] 1 2 2
[1] -0.336039
[1] 0.04383117
[1] "*****"
[1] 0 0 1 0
[1] 0 0
[1] 1 0 0 0
[1] 1 0
[1] 2 2 2
[1] 0.1022727
[1] 0.1022727
[1] "*****"
Warning messages:
1: In log(bigs) : NaNs produced
2: In log(bigs) : NaNs produced
3: In log(bigs) : NaNs produced
4: In log(bigs) : NaNs produced
> print(c(w,k,wp,kp))
Error in print(c(w, k, wp, kp)) : object 'w' not found
> source("sir.r")
Error in source("sir.r") : sir.r:51:65: unexpected ')'
50:                                                 check = check/(1+ff(i,w,k))
51:                                                 print(c(lw[w+2]-)
                                                                    ^
> p0=sir(t=1,n=a0,a=N-a0,f=trans,mu=gamma)
[1] 0 0 0 1
[1] 0 0 0 2
[1] 0 0 1 0
[1] 0 0 1 1
[1] 0 0 1 2
[1] 0 0 2 0
[1] 0 0 2 1
[1] 0 0 2 2
[1] 0 0
[1] 0 1 0 0
[1] 0 1 0 2
[1] 0 1 1 0
[1] 0 1 1 1
[1] 0 1 1 2
[1] 0 1 2 0
[1] 0 1 2 1
[1] 0 1 2 2
[1] 0 1
[1] 0 2 0 0
[1] 0 2 0 1
[1] 0 2 1 0
[1] 0 2 1 1
[1] 0 2 1 2
[1] 0 2 2 0
[1] 0 2 2 1
[1] 0 2 2 2
[1] 0 2
[1] 1 0 0 0
[1] 1 0 0 1
[1] 1 0 1 1
[1] 1 0 2 0
[1] 1 0 2 1
[1] 1 0
[1] 1 1 0 0
[1] 1 1 0 1
[1] 1 1 1 0
[1] 1 1 2 0
[1] 1 1 2 1
[1] 1 1
[1] 2 0 0 0
[1] 2 0 1 0
[1] 2 0
[1] 0 2 3 3
[1] 1.922532
[1] 0.007305195
[1] "*****"
[1] 0 0 0 1
[1] 0 0 0 2
[1] 0 0 0 3
[1] 0 0 1 0
[1] 0 0 1 1
[1] 0 0 1 2
[1] 0 0 1 3
[1] 0 0 2 0
[1] 0 0 2 1
[1] 0 0 2 2
[1] 0 0 2 3
[1] 0 0
[1] 0 1 0 0
[1] 0 1 0 2
[1] 0 1 0 3
[1] 0 1 1 0
[1] 0 1 1 1
[1] 0 1 1 2
[1] 0 1 1 3
[1] 0 1 2 0
[1] 0 1 2 1
[1] 0 1 2 2
[1] 0 1 2 3
[1] 0 1
[1] 0 2 0 0
[1] 0 2 0 1
[1] 0 2 0 3
[1] 0 2 1 0
[1] 0 2 1 1
[1] 0 2 1 2
[1] 0 2 1 3
[1] 0 2 2 0
[1] 0 2 2 1
[1] 0 2 2 2
[1] 0 2 2 3
[1] 0 2
[1] 0 3 0 0
[1] 0 3 0 1
[1] 0 3 0 2
[1] 0 3 1 0
[1] 0 3 1 1
[1] 0 3 1 2
[1] 0 3 1 3
[1] 0 3 2 0
[1] 0 3 2 1
[1] 0 3 2 2
[1] 0 3 2 3
[1] 0 3
[1] 1 0 0 0
[1] 1 0 2 0
[1] 1 0
[1] 2 0 0 0
[1] 2 0 1 0
[1] 2 0
[1] 0 3 3 3
[1] -0.1285568
[1] 0.004261364
[1] "*****"
[1] 0 0 0 1
[1] 0 0 1 0
[1] 0 0 1 1
[1] 0 0 2 0
[1] 0 0 2 1
[1] 0 0
[1] 0 1 0 0
[1] 0 1 1 0
[1] 0 1 1 1
[1] 0 1 2 0
[1] 0 1 2 1
[1] 0 1
[1] 1 0 0 0
[1] 1 0 0 1
[1] 1 0 1 1
[1] 1 0 2 0
[1] 1 0 2 1
[1] 1 0
[1] 1 1 0 0
[1] 1 1 0 1
[1] 1 1 1 0
[1] 1 1 2 0
[1] 1 1 2 1
[1] 1 1
[1] 2 0 0 0
[1] 2 0 1 0
[1] 2 0
[1] 1 2 3 3
[1] -1.314935
[1] 0.007305195
[1] "*****"
[1] 0 0 0 1
[1] 0 0 0 2
[1] 0 0 1 0
[1] 0 0 1 1
[1] 0 0 1 2
[1] 0 0 2 0
[1] 0 0 2 1
[1] 0 0 2 2
[1] 0 0
[1] 0 1 0 0
[1] 0 1 0 2
[1] 0 1 1 0
[1] 0 1 1 1
[1] 0 1 1 2
[1] 0 1 2 0
[1] 0 1 2 1
[1] 0 1 2 2
[1] 0 1
[1] 0 2 0 0
[1] 0 2 0 1
[1] 0 2 1 0
[1] 0 2 1 1
[1] 0 2 1 2
[1] 0 2 2 0
[1] 0 2 2 1
[1] 0 2 2 2
[1] 0 2
[1] 1 0 0 0
[1] 1 0 2 0
[1] 1 0
[1] 2 0 0 0
[1] 2 0 1 0
[1] 2 0
[1] 1 3 3 3
[1] -0.1599557
[1] 0.004261364
[1] "*****"
[1] 0 0 1 0
[1] 0 0 2 0
[1] 0 0
[1] 1 0 0 0
[1] 1 0 0 1
[1] 1 0 1 1
[1] 1 0 2 0
[1] 1 0 2 1
[1] 1 0
[1] 1 1 0 0
[1] 1 1 0 1
[1] 1 1 1 0
[1] 1 1 2 0
[1] 1 1 2 1
[1] 1 1
[1] 2 0 0 0
[1] 2 0 1 0
[1] 2 0
[1] 2 2 3 3
[1] -2.821753
[1] 0.01461039
[1] "*****"
[1] 0 0 0 1
[1] 0 0 1 0
[1] 0 0 1 1
[1] 0 0 2 0
[1] 0 0 2 1
[1] 0 0
[1] 0 1 0 0
[1] 0 1 1 0
[1] 0 1 1 1
[1] 0 1 2 0
[1] 0 1 2 1
[1] 0 1
[1] 1 0 0 0
[1] 1 0 2 0
[1] 1 0
[1] 2 0 0 0
[1] 2 0 1 0
[1] 2 0
[1] 2 3 3 3
[1] -0.7159091
[1] 0.008522727
[1] "*****"
[1] 0 0 1 0
[1] 0 0 2 0
[1] 0 0
[1] 1 0 0 0
[1] 1 0 2 0
[1] 1 0
[1] 2 0 0 0
[1] 2 0 1 0
[1] 2 0
[1] 3 3 3 3
[1] 0.02556818
[1] 0.02556818
[1] "*****"
[1] 0 0 0 1
[1] 0 0 0 2
[1] 0 0 1 0
[1] 0 0 1 1
[1] 0 0 1 2
[1] 0 0
[1] 0 1 0 0
[1] 0 1 0 2
[1] 0 1 1 0
[1] 0 1 1 1
[1] 0 1 1 2
[1] 0 1
[1] 0 2 0 0
[1] 0 2 0 1
[1] 0 2 1 0
[1] 0 2 1 1
[1] 0 2 1 2
[1] 0 2
[1] 1 0 0 0
[1] 1 0
[1] 0 2 2
[1] -0.3628052
[1] 0.04383117
[1] "*****"
[1] 0 0 0 1
[1] 0 0 1 0
[1] 0 0 1 1
[1] 0 0
[1] 0 1 0 0
[1] 0 1 1 0
[1] 0 1 1 1
[1] 0 1
[1] 1 0 0 0
[1] 1 0
[1] 1 2 2
[1] -0.336039
[1] 0.04383117
[1] "*****"
[1] 0 0 1 0
[1] 0 0
[1] 1 0 0 0
[1] 1 0
[1] 2 2 2
[1] 0.1022727
[1] 0.1022727
[1] "*****"
Warning messages:
1: In log(bigs) : NaNs produced
2: In log(bigs) : NaNs produced
3: In log(bigs) : NaNs produced
4: In log(bigs) : NaNs produced
> source("sir.r")
> p0=sir(t=1,n=a0,a=N-a0,f=trans,mu=gamma)
[1] 0 0 0 0
[1] 0 0 0 1
[1] 0 0 0 2
[1] 0 0 1 0
[1] 0 0 1 1
[1] 0 0 2 0
[1] 0 1 0 0
[1] 0 1 0 1
[1] 0 1 0 2
[1] 0 1 1 0
[1] 0 1 1 1
[1] 0 1 2 0
[1] 0 2 0 0
[1] 0 2 0 1
[1] 0 2 0 2
[1] 0 2 1 0
[1] 0 2 1 1
[1] 0 2 2 0
[1] 1 0 0 0
[1] 1 0 0 1
[1] 1 0 0 2
[1] 1 0 1 0
[1] 1 0 1 1
[1] 1 0 2 0
[1] 1 1 0 0
[1] 1 1 0 1
[1] 1 1 0 2
[1] 1 1 1 0
[1] 1 1 1 1
[1] 1 1 2 0
[1] 2 0 0 0
[1] 2 0 0 1
[1] 2 0 0 2
[1] 2 0 1 0
[1] 2 0 1 1
[1] 2 0 2 0
[1] 0 2 3 3
[1] 0.007305195
[1] 0.007305195
[1] "*****"
[1] 0 0 0 0
[1] 0 0 0 1
[1] 0 0 0 2
[1] 0 0 0 3
[1] 0 0 1 0
[1] 0 0 2 0
[1] 0 1 0 0
[1] 0 1 0 1
[1] 0 1 0 2
[1] 0 1 0 3
[1] 0 1 1 0
[1] 0 1 2 0
[1] 0 2 0 0
[1] 0 2 0 1
[1] 0 2 0 2
[1] 0 2 0 3
[1] 0 2 1 0
[1] 0 2 2 0
[1] 0 3 0 0
[1] 0 3 0 1
[1] 0 3 0 2
[1] 0 3 0 3
[1] 0 3 1 0
[1] 0 3 2 0
[1] 1 0 0 0
[1] 1 0 0 1
[1] 1 0 0 2
[1] 1 0 0 3
[1] 1 0 1 0
[1] 1 0 2 0
[1] 2 0 0 0
[1] 2 0 0 1
[1] 2 0 0 2
[1] 2 0 0 3
[1] 2 0 1 0
[1] 2 0 2 0
[1] 0 3 3 3
[1] 0.004261364
[1] 0.004261364
[1] "*****"
[1] 0 0 0 0
[1] 0 0 0 1
[1] 0 0 1 0
[1] 0 0 1 1
[1] 0 0 2 0
[1] 0 1 0 0
[1] 0 1 0 1
[1] 0 1 1 0
[1] 0 1 1 1
[1] 0 1 2 0
[1] 1 0 0 0
[1] 1 0 0 1
[1] 1 0 1 0
[1] 1 0 1 1
[1] 1 0 2 0
[1] 1 1 0 0
[1] 1 1 0 1
[1] 1 1 1 0
[1] 1 1 1 1
[1] 1 1 2 0
[1] 2 0 0 0
[1] 2 0 0 1
[1] 2 0 1 0
[1] 2 0 1 1
[1] 2 0 2 0
[1] 1 2 3 3
[1] 0.007305195
[1] 0.007305195
[1] "*****"
[1] 0 0 0 0
[1] 0 0 0 1
[1] 0 0 0 2
[1] 0 0 1 0
[1] 0 0 2 0
[1] 0 1 0 0
[1] 0 1 0 1
[1] 0 1 0 2
[1] 0 1 1 0
[1] 0 1 2 0
[1] 0 2 0 0
[1] 0 2 0 1
[1] 0 2 0 2
[1] 0 2 1 0
[1] 0 2 2 0
[1] 1 0 0 0
[1] 1 0 0 1
[1] 1 0 0 2
[1] 1 0 1 0
[1] 1 0 2 0
[1] 2 0 0 0
[1] 2 0 0 1
[1] 2 0 0 2
[1] 2 0 1 0
[1] 2 0 2 0
[1] 1 3 3 3
[1] 0.004261364
[1] 0.004261364
[1] "*****"
[1] 0 0 0 0
[1] 0 0 1 0
[1] 0 0 1 1
[1] 0 0 2 0
[1] 1 0 0 0
[1] 1 0 1 0
[1] 1 0 1 1
[1] 1 0 2 0
[1] 1 1 0 0
[1] 1 1 1 0
[1] 1 1 1 1
[1] 1 1 2 0
[1] 2 0 0 0
[1] 2 0 1 0
[1] 2 0 1 1
[1] 2 0 2 0
[1] 2 2 3 3
[1] 0.01461039
[1] 0.01461039
[1] "*****"
[1] 0 0 0 0
[1] 0 0 0 1
[1] 0 0 1 0
[1] 0 0 2 0
[1] 0 1 0 0
[1] 0 1 0 1
[1] 0 1 1 0
[1] 0 1 2 0
[1] 1 0 0 0
[1] 1 0 0 1
[1] 1 0 1 0
[1] 1 0 2 0
[1] 2 0 0 0
[1] 2 0 0 1
[1] 2 0 1 0
[1] 2 0 2 0
[1] 2 3 3 3
[1] 0.008522727
[1] 0.008522727
[1] "*****"
[1] 0 0 0 0
[1] 0 0 1 0
[1] 0 0 2 0
[1] 1 0 0 0
[1] 1 0 1 0
[1] 1 0 2 0
[1] 2 0 0 0
[1] 2 0 1 0
[1] 2 0 2 0
[1] 3 3 3 3
[1] 0.02556818
[1] 0.02556818
[1] "*****"
[1] 0 0 0 0
[1] 0 0 0 1
[1] 0 0 0 2
[1] 0 0 1 0
[1] 0 1 0 0
[1] 0 1 0 1
[1] 0 1 0 2
[1] 0 1 1 0
[1] 0 2 0 0
[1] 0 2 0 1
[1] 0 2 0 2
[1] 0 2 1 0
[1] 1 0 0 0
[1] 1 0 0 1
[1] 1 0 0 2
[1] 1 0 1 0
[1] 0 2 2
[1] 0.04383117
[1] 0.04383117
[1] "*****"
[1] 0 0 0 0
[1] 0 0 0 1
[1] 0 0 1 0
[1] 0 1 0 0
[1] 0 1 0 1
[1] 0 1 1 0
[1] 1 0 0 0
[1] 1 0 0 1
[1] 1 0 1 0
[1] 1 2 2
[1] 0.04383117
[1] 0.04383117
[1] "*****"
[1] 0 0 0 0
[1] 0 0 1 0
[1] 1 0 0 0
[1] 1 0 1 0
[1] 2 2 2
[1] 0.1022727
[1] 0.1022727
[1] "*****"
> source("sir.r")
> p0=sir(t=1,n=a0,a=N-a0,f=trans,mu=gamma)
[1] 0 0 0 0
[1] 0 0 0 1
[1] 0 0 0 2
[1] 0 0 1 0
[1] 0 0 1 1
[1] 0 0 2 0
[1] 0 1 0 0
[1] 0 1 0 1
[1] 0 1 0 2
[1] 0 1 1 0
[1] 0 1 1 1
[1] 0 1 2 0
[1] 0 2 0 0
[1] 0 2 0 1
[1] 0 2 0 2
[1] 0 2 1 0
[1] 0 2 1 1
[1] 0 2 2 0
[1] 1 0 0 0
[1] 1 0 0 1
[1] 1 0 0 2
[1] 1 0 1 0
[1] 1 0 1 1
[1] 1 0 2 0
[1] 1 1 0 0
[1] 1 1 0 1
[1] 1 1 0 2
[1] 1 1 1 0
[1] 1 1 1 1
[1] 1 1 2 0
[1] 2 0 0 0
[1] 2 0 0 1
[1] 2 0 0 2
[1] 2 0 1 0
[1] 2 0 1 1
[1] 2 0 2 0
[1] 0 2 3 3
[1] 0.002067476
[1] "*****"
[1] 0 0 0 0
[1] 0 0 0 1
[1] 0 0 0 2
[1] 0 0 0 3
[1] 0 0 1 0
[1] 0 0 2 0
[1] 0 1 0 0
[1] 0 1 0 1
[1] 0 1 0 2
[1] 0 1 0 3
[1] 0 1 1 0
[1] 0 1 2 0
[1] 0 2 0 0
[1] 0 2 0 1
[1] 0 2 0 2
[1] 0 2 0 3
[1] 0 2 1 0
[1] 0 2 2 0
[1] 0 3 0 0
[1] 0 3 0 1
[1] 0 3 0 2
[1] 0 3 0 3
[1] 0 3 1 0
[1] 0 3 2 0
[1] 1 0 0 0
[1] 1 0 0 1
[1] 1 0 0 2
[1] 1 0 0 3
[1] 1 0 1 0
[1] 1 0 2 0
[1] 2 0 0 0
[1] 2 0 0 1
[1] 2 0 0 2
[1] 2 0 0 3
[1] 2 0 1 0
[1] 2 0 2 0
[1] 0 3 3 3
[1] 0.001604804
[1] "*****"
[1] 0 0 0 0
[1] 0 0 0 1
[1] 0 0 1 0
[1] 0 0 1 1
[1] 0 0 2 0
[1] 0 1 0 0
[1] 0 1 0 1
[1] 0 1 1 0
[1] 0 1 1 1
[1] 0 1 2 0
[1] 1 0 0 0
[1] 1 0 0 1
[1] 1 0 1 0
[1] 1 0 1 1
[1] 1 0 2 0
[1] 1 1 0 0
[1] 1 1 0 1
[1] 1 1 1 0
[1] 1 1 1 1
[1] 1 1 2 0
[1] 2 0 0 0
[1] 2 0 0 1
[1] 2 0 1 0
[1] 2 0 1 1
[1] 2 0 2 0
[1] 1 2 3 3
[1] 0.007562274
[1] "*****"
[1] 0 0 0 0
[1] 0 0 0 1
[1] 0 0 0 2
[1] 0 0 1 0
[1] 0 0 2 0
[1] 0 1 0 0
[1] 0 1 0 1
[1] 0 1 0 2
[1] 0 1 1 0
[1] 0 1 2 0
[1] 0 2 0 0
[1] 0 2 0 1
[1] 0 2 0 2
[1] 0 2 1 0
[1] 0 2 2 0
[1] 1 0 0 0
[1] 1 0 0 1
[1] 1 0 0 2
[1] 1 0 1 0
[1] 1 0 2 0
[1] 2 0 0 0
[1] 2 0 0 1
[1] 2 0 0 2
[1] 2 0 1 0
[1] 2 0 2 0
[1] 1 3 3 3
[1] 0.005504497
[1] "*****"
[1] 0 0 0 0
[1] 0 0 1 0
[1] 0 0 1 1
[1] 0 0 2 0
[1] 1 0 0 0
[1] 1 0 1 0
[1] 1 0 1 1
[1] 1 0 2 0
[1] 1 1 0 0
[1] 1 1 1 0
[1] 1 1 1 1
[1] 1 1 2 0
[1] 2 0 0 0
[1] 2 0 1 0
[1] 2 0 1 1
[1] 2 0 2 0
[1] 2 2 3 3
[1] 0.02510419
[1] "*****"
[1] 0 0 0 0
[1] 0 0 0 1
[1] 0 0 1 0
[1] 0 0 2 0
[1] 0 1 0 0
[1] 0 1 0 1
[1] 0 1 1 0
[1] 0 1 2 0
[1] 1 0 0 0
[1] 1 0 0 1
[1] 1 0 1 0
[1] 1 0 2 0
[1] 2 0 0 0
[1] 2 0 0 1
[1] 2 0 1 0
[1] 2 0 2 0
[1] 2 3 3 3
[1] 0.01661596
[1] "*****"
[1] 0 0 0 0
[1] 0 0 1 0
[1] 0 0 2 0
[1] 1 0 0 0
[1] 1 0 1 0
[1] 1 0 2 0
[1] 2 0 0 0
[1] 2 0 1 0
[1] 2 0 2 0
[1] 3 3 3 3
[1] 0.04522725
[1] "*****"
[1] 0 0 0 0
[1] 0 0 0 1
[1] 0 0 0 2
[1] 0 0 1 0
[1] 0 1 0 0
[1] 0 1 0 1
[1] 0 1 0 2
[1] 0 1 1 0
[1] 0 2 0 0
[1] 0 2 0 1
[1] 0 2 0 2
[1] 0 2 1 0
[1] 1 0 0 0
[1] 1 0 0 1
[1] 1 0 0 2
[1] 1 0 1 0
[1] 0 2 2
[1] 0.04436369
[1] "*****"
[1] 0 0 0 0
[1] 0 0 0 1
[1] 0 0 1 0
[1] 0 1 0 0
[1] 0 1 0 1
[1] 0 1 1 0
[1] 1 0 0 0
[1] 1 0 0 1
[1] 1 0 1 0
[1] 1 2 2
[1] 0.07857934
[1] "*****"
[1] 0 0 0 0
[1] 0 0 1 0
[1] 1 0 0 0
[1] 1 0 1 0
[1] 2 2 2
[1] 0.1193922
[1] "*****"
> 
> source("sir.r")
> p0=sir(t=1,n=a0,a=N-a0,f=trans,mu=gamma)
[1] 0 0 0 0
[1] 0 0 0 1
[1] 0 0 0 2
[1] 0 0 1 0
[1] 0 0 1 1
[1] 0 0 2 0
[1] 0 1 0 0
[1] 0 1 0 1
[1] 0 1 0 2
[1] 0 1 1 0
[1] 0 1 1 1
[1] 0 1 2 0
[1] 0 2 0 0
[1] 0 2 0 1
[1] 0 2 0 2
[1] 0 2 1 0
[1] 0 2 1 1
[1] 0 2 2 0
[1] 1 0 0 0
[1] 1 0 0 1
[1] 1 0 0 2
[1] 1 0 1 0
[1] 1 0 1 1
[1] 1 0 2 0
[1] 1 1 0 0
[1] 1 1 0 1
[1] 1 1 0 2
[1] 1 1 1 0
[1] 1 1 1 1
[1] 1 1 2 0
[1] 2 0 0 0
[1] 2 0 0 1
[1] 2 0 0 2
[1] 2 0 1 0
[1] 2 0 1 1
[1] 2 0 2 0
[1] 0 0 0 0
[1] 0 0 0 1
[1] 0 0 0 2
[1] 0 0 0 3
[1] 0 0 1 0
[1] 0 0 2 0
[1] 0 1 0 0
[1] 0 1 0 1
[1] 0 1 0 2
[1] 0 1 0 3
[1] 0 1 1 0
[1] 0 1 2 0
[1] 0 2 0 0
[1] 0 2 0 1
[1] 0 2 0 2
[1] 0 2 0 3
[1] 0 2 1 0
[1] 0 2 2 0
[1] 0 3 0 0
[1] 0 3 0 1
[1] 0 3 0 2
[1] 0 3 0 3
[1] 0 3 1 0
[1] 0 3 2 0
[1] 1 0 0 0
[1] 1 0 0 1
[1] 1 0 0 2
[1] 1 0 0 3
[1] 1 0 1 0
[1] 1 0 2 0
[1] 2 0 0 0
[1] 2 0 0 1
[1] 2 0 0 2
[1] 2 0 0 3
[1] 2 0 1 0
[1] 2 0 2 0
[1] 0 0 0 0
[1] 0 0 0 1
[1] 0 0 1 0
[1] 0 0 1 1
[1] 0 0 2 0
[1] 0 1 0 0
[1] 0 1 0 1
[1] 0 1 1 0
[1] 0 1 1 1
[1] 0 1 2 0
[1] 1 0 0 0
[1] 1 0 0 1
[1] 1 0 1 0
[1] 1 0 1 1
[1] 1 0 2 0
[1] 1 1 0 0
[1] 1 1 0 1
[1] 1 1 1 0
[1] 1 1 1 1
[1] 1 1 2 0
[1] 2 0 0 0
[1] 2 0 0 1
[1] 2 0 1 0
[1] 2 0 1 1
[1] 2 0 2 0
[1] 0 0 0 0
[1] 0 0 0 1
[1] 0 0 0 2
[1] 0 0 1 0
[1] 0 0 2 0
[1] 0 1 0 0
[1] 0 1 0 1
[1] 0 1 0 2
[1] 0 1 1 0
[1] 0 1 2 0
[1] 0 2 0 0
[1] 0 2 0 1
[1] 0 2 0 2
[1] 0 2 1 0
[1] 0 2 2 0
[1] 1 0 0 0
[1] 1 0 0 1
[1] 1 0 0 2
[1] 1 0 1 0
[1] 1 0 2 0
[1] 2 0 0 0
[1] 2 0 0 1
[1] 2 0 0 2
[1] 2 0 1 0
[1] 2 0 2 0
[1] 0 0 0 0
[1] 0 0 1 0
[1] 0 0 1 1
[1] 0 0 2 0
[1] 1 0 0 0
[1] 1 0 1 0
[1] 1 0 1 1
[1] 1 0 2 0
[1] 1 1 0 0
[1] 1 1 1 0
[1] 1 1 1 1
[1] 1 1 2 0
[1] 2 0 0 0
[1] 2 0 1 0
[1] 2 0 1 1
[1] 2 0 2 0
[1] 0 0 0 0
[1] 0 0 0 1
[1] 0 0 1 0
[1] 0 0 2 0
[1] 0 1 0 0
[1] 0 1 0 1
[1] 0 1 1 0
[1] 0 1 2 0
[1] 1 0 0 0
[1] 1 0 0 1
[1] 1 0 1 0
[1] 1 0 2 0
[1] 2 0 0 0
[1] 2 0 0 1
[1] 2 0 1 0
[1] 2 0 2 0
[1] 0 0 0 0
[1] 0 0 1 0
[1] 0 0 2 0
[1] 1 0 0 0
[1] 1 0 1 0
[1] 1 0 2 0
[1] 2 0 0 0
[1] 2 0 1 0
[1] 2 0 2 0
[1] 0 0 0 0
[1] 0 0 0 1
[1] 0 0 0 2
[1] 0 0 1 0
[1] 0 1 0 0
[1] 0 1 0 1
[1] 0 1 0 2
[1] 0 1 1 0
[1] 0 2 0 0
[1] 0 2 0 1
[1] 0 2 0 2
[1] 0 2 1 0
[1] 1 0 0 0
[1] 1 0 0 1
[1] 1 0 0 2
[1] 1 0 1 0
[1] 0 0 0 0
[1] 0 0 0 1
[1] 0 0 1 0
[1] 0 1 0 0
[1] 0 1 0 1
[1] 0 1 1 0
[1] 1 0 0 0
[1] 1 0 0 1
[1] 1 0 1 0
[1] 0 0 0 0
[1] 0 0 1 0
[1] 1 0 0 0
[1] 1 0 1 0
> source("sir.r")
> p0=sir(t=1,n=a0,a=N-a0,f=trans,mu=gamma)
[1] 0 0 0 0
[1] 0 0 0 1
[1] 0 0 0 2
[1] 0 0 1 0
[1] 0 0 1 1
[1] 0 0 2 0
[1] 0 1 0 0
[1] 0 1 0 1
[1] 0 1 0 2
[1] 0 1 1 0
[1] 0 1 1 1
[1] 0 1 2 0
[1] 0 2 0 0
[1] 0 2 0 1
[1] 0 2 0 2
[1] 0 2 1 0
[1] 0 2 1 1
[1] 0 2 2 0
[1] 1 0 0 0
[1] 1 0 0 1
[1] 1 0 0 2
[1] 1 0 1 0
[1] 1 0 1 1
[1] 1 0 2 0
[1] 1 1 0 0
[1] 1 1 0 1
[1] 1 1 0 2
[1] 1 1 1 0
[1] 1 1 1 1
[1] 1 1 2 0
[1] 2 0 0 0
[1] 2 0 0 1
[1] 2 0 0 2
[1] 2 0 1 0
[1] 2 0 1 1
[1] 2 0 2 0
[1] 0 0 0 0
[1] 0 0 0 1
[1] 0 0 0 2
[1] 0 0 0 3
[1] 0 0 1 0
[1] 0 0 2 0
[1] 0 1 0 0
[1] 0 1 0 1
[1] 0 1 0 2
[1] 0 1 0 3
[1] 0 1 1 0
[1] 0 1 2 0
[1] 0 2 0 0
[1] 0 2 0 1
[1] 0 2 0 2
[1] 0 2 0 3
[1] 0 2 1 0
[1] 0 2 2 0
[1] 0 3 0 0
[1] 0 3 0 1
[1] 0 3 0 2
[1] 0 3 0 3
[1] 0 3 1 0
[1] 0 3 2 0
[1] 1 0 0 0
[1] 1 0 0 1
[1] 1 0 0 2
[1] 1 0 0 3
[1] 1 0 1 0
[1] 1 0 2 0
[1] 2 0 0 0
[1] 2 0 0 1
[1] 2 0 0 2
[1] 2 0 0 3
[1] 2 0 1 0
[1] 2 0 2 0
[1] 0 0 0 0
[1] 0 0 0 1
[1] 0 0 1 0
[1] 0 0 1 1
[1] 0 0 2 0
[1] 0 1 0 0
[1] 0 1 0 1
[1] 0 1 1 0
[1] 0 1 1 1
[1] 0 1 2 0
[1] 1 0 0 0
[1] 1 0 0 1
[1] 1 0 1 0
[1] 1 0 1 1
[1] 1 0 2 0
[1] 1 1 0 0
[1] 1 1 0 1
[1] 1 1 1 0
[1] 1 1 1 1
[1] 1 1 2 0
[1] 2 0 0 0
[1] 2 0 0 1
[1] 2 0 1 0
[1] 2 0 1 1
[1] 2 0 2 0
[1] 0 0 0 0
[1] 0 0 0 1
[1] 0 0 0 2
[1] 0 0 1 0
[1] 0 0 2 0
[1] 0 1 0 0
[1] 0 1 0 1
[1] 0 1 0 2
[1] 0 1 1 0
[1] 0 1 2 0
[1] 0 2 0 0
[1] 0 2 0 1
[1] 0 2 0 2
[1] 0 2 1 0
[1] 0 2 2 0
[1] 1 0 0 0
[1] 1 0 0 1
[1] 1 0 0 2
[1] 1 0 1 0
[1] 1 0 2 0
[1] 2 0 0 0
[1] 2 0 0 1
[1] 2 0 0 2
[1] 2 0 1 0
[1] 2 0 2 0
[1] 0 0 0 0
[1] 0 0 1 0
[1] 0 0 1 1
[1] 0 0 2 0
[1] 1 0 0 0
[1] 1 0 1 0
[1] 1 0 1 1
[1] 1 0 2 0
[1] 1 1 0 0
[1] 1 1 1 0
[1] 1 1 1 1
[1] 1 1 2 0
[1] 2 0 0 0
[1] 2 0 1 0
[1] 2 0 1 1
[1] 2 0 2 0
[1] 0 0 0 0
[1] 0 0 0 1
[1] 0 0 1 0
[1] 0 0 2 0
[1] 0 1 0 0
[1] 0 1 0 1
[1] 0 1 1 0
[1] 0 1 2 0
[1] 1 0 0 0
[1] 1 0 0 1
[1] 1 0 1 0
[1] 1 0 2 0
[1] 2 0 0 0
[1] 2 0 0 1
[1] 2 0 1 0
[1] 2 0 2 0
[1] 0 0 0 0
[1] 0 0 1 0
[1] 0 0 2 0
[1] 1 0 0 0
[1] 1 0 1 0
[1] 1 0 2 0
[1] 2 0 0 0
[1] 2 0 1 0
[1] 2 0 2 0
[1] 0 0 0 0
[1] 0 0 0 1
[1] 0 0 0 2
[1] 0 0 1 0
[1] 0 1 0 0
[1] 0 1 0 1
[1] 0 1 0 2
[1] 0 1 1 0
[1] 0 2 0 0
[1] 0 2 0 1
[1] 0 2 0 2
[1] 0 2 1 0
[1] 1 0 0 0
[1] 1 0 0 1
[1] 1 0 0 2
[1] 1 0 1 0
[1] 0 0 0 0
[1] 0 0 0 1
[1] 0 0 1 0
[1] 0 1 0 0
[1] 0 1 0 1
[1] 0 1 1 0
[1] 1 0 0 0
[1] 1 0 0 1
[1] 1 0 1 0
[1] 0 0 0 0
[1] 0 0 1 0
[1] 1 0 0 0
[1] 1 0 1 0
> source("sir.r")
> p0=sir(t=1,n=a0,a=N-a0,f=trans,mu=gamma)
> p
            [,1]       [,2]       [,3]     [,4]
[1,] 0.006117233 0.02140068 0.03331203 0.020101
[2,] 0.059151592 0.10477245 0.07959477 0.000000
[3,] 0.486674640 0.18887560 0.00000000 0.000000
> p0
            [,1]       [,2]       [,3]     [,4]
[1,] 0.006117233 0.02140068 0.06662406 0.120606
[2,] 0.059151592 0.10477245 0.15918954 0.000000
[3,] 0.486674638 0.18887560 0.00000000 0.000000
> sum(p)
[1] 1
> sum(p0)
[1] 1.213412
> source("sir.r")
> p0=sir(t=1,n=a0,a=N-a0,f=trans,mu=gamma)
> p0
            [,1]       [,2]        [,3]         [,4]
[1,] 0.006117233 0.02140068 0.009016586 0.0008126369
[2,] 0.059151592 0.10477245 0.021543961 0.0000000000
[3,] 0.486674638 0.18887560 0.000000000 0.0000000000
> p
            [,1]       [,2]       [,3]     [,4]
[1,] 0.006117233 0.02140068 0.03331203 0.020101
[2,] 0.059151592 0.10477245 0.07959477 0.000000
[3,] 0.486674640 0.18887560 0.00000000 0.000000
> sum(p0)
[1] 0.8983654
> source("sir.r")
> p0=sir(t=1,n=a0,a=N-a0,f=trans,mu=gamma)
> p0
            [,1]       [,2]       [,3]     [,4]
[1,] 0.006117233 0.02140068 0.03331203 0.020101
[2,] 0.059151592 0.10477245 0.07959477 0.000000
[3,] 0.486674638 0.18887560 0.00000000 0.000000
> p
            [,1]       [,2]       [,3]     [,4]
[1,] 0.006117233 0.02140068 0.03331203 0.020101
[2,] 0.059151592 0.10477245 0.07959477 0.000000
[3,] 0.486674640 0.18887560 0.00000000 0.000000
> a0 = 3
> A = 5
> B = 5
> N = 5
> b0 = N-a0
> 
> gamma = 1
> beta = 1
> 
> brates1=function(x,y){0}
> drates1=function(x,y){0}
> brates2=function(x,y){0}
> drates2=function(x,y){gamma*y}
> trans=function(x,y){beta*x*y/N}
> 
> # system.time(p <- bbd_prob(t=1,a0,b0,brates1,brates2,drates2,trans,A,B))#
> system.time(p <- dbd_prob(t=1,a0,b0,drates1,brates2,drates2,trans,B))
   user  system elapsed 
  1.069   0.006   1.069 
> 
> source("sir.r")
> p0=sir(t=1,n=a0,a=N-a0,f=trans,mu=gamma)
> p0
             [,1]        [,2]        [,3]        [,4]       [,5]        [,6]
[1,] 0.0004716049 0.002564185 0.006438711 0.009903638 0.00970430 0.002742192
[2,] 0.0073133944 0.027393156 0.047053307 0.045132125 0.01304122 0.000000000
[3,] 0.0539984794 0.117924496 0.113211350 0.030919953 0.00000000 0.000000000
[4,] 0.2488160812 0.201417893 0.040762204 0.000000000 0.00000000 0.000000000
> p
             [,1]        [,2]        [,3]       [,4]       [,5]        [,6]
[1,] 0.0006843589 0.003780162 0.009695131 0.01345727 0.00970430 0.002742192
[2,] 0.0083287382 0.031499302 0.054884745 0.04513212 0.01304122 0.000000000
[3,] 0.0539984798 0.117924496 0.113211350 0.03091995 0.00000000 0.000000000
[4,] 0.2488160820 0.201417893 0.040762204 0.00000000 0.00000000 0.000000000
> source("bbd_prob.r")
> source("bbd_lt.r")
> source("bd_series_accel.r")
> source("contfr.r")
> 
> a0 = 5
> A = 10
> B = 10
> N = 10
> b0 = N-a0
> 
> gamma = 1
> beta = 1
> 
> brates1=function(x,y){0}
> drates1=function(x,y){0}
> brates2=function(x,y){0}
> drates2=function(x,y){gamma*y}
> trans=function(x,y){beta*x*y/N}
> 
> # system.time(p <- bbd_prob(t=1,a0,b0,brates1,brates2,drates2,trans,A,B))#
> system.time(p <- dbd_prob(t=1,a0,b0,drates1,brates2,drates2,trans,B))
   user  system elapsed 
 11.566   0.051  11.457 
> 
> source("sir.r")
> system.times(p0<-sir(t=1,n=a0,a=N-a0,f=trans,mu=gamma))
Error: could not find function "system.times"
> 
> system.time(p0<-sir(t=1,n=a0,a=N-a0,f=trans,mu=gamma))
   user  system elapsed 
  0.533   0.002   0.533 
> 
> p0
            [,1]       [,2]       [,3]       [,4]        [,5]         [,6]        [,7]         [,8]
[1,]         NaN        NaN        NaN        NaN         NaN          NaN         NaN          NaN
[2,]         NaN        NaN        NaN        NaN         NaN          NaN         NaN          NaN
[3,]         NaN        NaN        NaN        NaN         NaN          NaN         NaN          NaN
[4,] 0.002819385 0.01399726 0.03232539 0.04618807 0.042780967 0.0241814545 0.007336246 0.0007611343
[5,] 0.017361136 0.06169608 0.09917328 0.08472516 0.039436043 0.0094430076 0.000911714 0.0000000000
[6,] 0.037263617 0.08027056 0.06916519 0.02979812 0.006418893 0.0005530844 0.000000000 0.0000000000
             [,9]        [,10]        [,11]
[1,]          NaN          NaN 1.821621e-05
[2,]          NaN 0.0001222088 0.000000e+00
[3,] 0.0003919228 0.0000000000 0.000000e+00
[4,] 0.0000000000 0.0000000000 0.000000e+00
[5,] 0.0000000000 0.0000000000 0.000000e+00
[6,] 0.0000000000 0.0000000000 0.000000e+00
> p
             [,1]         [,2]         [,3]         [,4]        [,5]         [,6]        [,7]
[1,] 5.079360e-06 5.128972e-05 0.0002481959 0.0007433489 0.001505755 0.0021318768 0.002114818
[2,] 9.237035e-05 7.712841e-04 0.0030768991 0.0074868234 0.012022316 0.0130111843 0.009357579
[3,] 8.248650e-04 5.503537e-03 0.0174378327 0.0329118770 0.039439485 0.0300882541 0.014030946
[4,] 4.653403e-03 2.358956e-02 0.0560299172 0.0761045607 0.061626089 0.0290889303 0.007336246
[5,] 1.736114e-02 6.169608e-02 0.0991732815 0.0847251556 0.039436043 0.0094430076 0.000911714
[6,] 3.726362e-02 8.027056e-02 0.0691651879 0.0297981180 0.006418893 0.0005530844 0.000000000
             [,8]         [,9]        [,10]        [,11]
[1,] 0.0014369426 0.0006337561 0.0001623679 1.821621e-05
[2,] 0.0042574882 0.0011003529 0.0001222088 0.000000e+00
[3,] 0.0036154061 0.0003919228 0.0000000000 0.000000e+00
[4,] 0.0007611343 0.0000000000 0.0000000000 0.000000e+00
[5,] 0.0000000000 0.0000000000 0.0000000000 0.000000e+00
[6,] 0.0000000000 0.0000000000 0.0000000000 0.000000e+00
> p-p0
             [,1]         [,2]         [,3]         [,4]          [,5]          [,6]          [,7]
[1,]          NaN          NaN          NaN          NaN           NaN           NaN           NaN
[2,]          NaN          NaN          NaN          NaN           NaN           NaN           NaN
[3,]          NaN          NaN          NaN          NaN           NaN           NaN           NaN
[4,] 1.834017e-03 9.592304e-03 2.370453e-02 2.991649e-02  1.884512e-02  4.907476e-03  1.870804e-13
[5,] 3.352633e-10 7.320866e-11 1.327938e-11 9.607731e-13 -1.943584e-13 -1.364013e-14 -3.436834e-14
[6,] 2.569775e-10 2.156481e-11 9.593160e-13 1.905767e-13 -1.594445e-13 -1.979387e-13  0.000000e+00
             [,8]          [,9]         [,10]        [,11]
[1,]          NaN           NaN           NaN 8.888604e-13
[2,]          NaN           NaN -3.860963e-13 0.000000e+00
[3,]          NaN -1.673056e-13  0.000000e+00 0.000000e+00
[4,] -2.02402e-13  0.000000e+00  0.000000e+00 0.000000e+00
[5,]  0.00000e+00  0.000000e+00  0.000000e+00 0.000000e+00
[6,]  0.00000e+00  0.000000e+00  0.000000e+00 0.000000e+00
> 